Archive member included because of file (symbol)

c:/program files (x86)/gnu tools arm embedded/4.9 2014q4/bin/../lib/gcc/arm-none-eabi/4.9.3/../../../../arm-none-eabi/lib/armv7e-m\libm.a(lib_a-s_cos.o)
                              ..\obj\utilplus.o (cos)
c:/program files (x86)/gnu tools arm embedded/4.9 2014q4/bin/../lib/gcc/arm-none-eabi/4.9.3/../../../../arm-none-eabi/lib/armv7e-m\libm.a(lib_a-s_sin.o)
                              ..\obj\utilplus.o (sin)
c:/program files (x86)/gnu tools arm embedded/4.9 2014q4/bin/../lib/gcc/arm-none-eabi/4.9.3/../../../../arm-none-eabi/lib/armv7e-m\libm.a(lib_a-sf_cos.o)
                              ..\obj\utilplus.o (cosf)
c:/program files (x86)/gnu tools arm embedded/4.9 2014q4/bin/../lib/gcc/arm-none-eabi/4.9.3/../../../../arm-none-eabi/lib/armv7e-m\libm.a(lib_a-sf_sin.o)
                              ..\obj\utilplus.o (sinf)
c:/program files (x86)/gnu tools arm embedded/4.9 2014q4/bin/../lib/gcc/arm-none-eabi/4.9.3/../../../../arm-none-eabi/lib/armv7e-m\libm.a(lib_a-w_atan2.o)
                              ..\obj\main.o (atan2)
c:/program files (x86)/gnu tools arm embedded/4.9 2014q4/bin/../lib/gcc/arm-none-eabi/4.9.3/../../../../arm-none-eabi/lib/armv7e-m\libm.a(lib_a-w_pow.o)
                              ..\obj\name_converter.o (pow)
c:/program files (x86)/gnu tools arm embedded/4.9 2014q4/bin/../lib/gcc/arm-none-eabi/4.9.3/../../../../arm-none-eabi/lib/armv7e-m\libm.a(lib_a-wf_acos.o)
                              ..\obj\utilplus.o (acosf)
c:/program files (x86)/gnu tools arm embedded/4.9 2014q4/bin/../lib/gcc/arm-none-eabi/4.9.3/../../../../arm-none-eabi/lib/armv7e-m\libm.a(lib_a-wf_atan2.o)
                              ..\obj\utilplus.o (atan2f)
c:/program files (x86)/gnu tools arm embedded/4.9 2014q4/bin/../lib/gcc/arm-none-eabi/4.9.3/../../../../arm-none-eabi/lib/armv7e-m\libm.a(lib_a-wf_pow.o)
                              ..\obj\utilplus.o (powf)
c:/program files (x86)/gnu tools arm embedded/4.9 2014q4/bin/../lib/gcc/arm-none-eabi/4.9.3/../../../../arm-none-eabi/lib/armv7e-m\libm.a(lib_a-wf_sqrt.o)
                              ..\obj\utilplus.o (sqrtf)
c:/program files (x86)/gnu tools arm embedded/4.9 2014q4/bin/../lib/gcc/arm-none-eabi/4.9.3/../../../../arm-none-eabi/lib/armv7e-m\libm.a(lib_a-e_atan2.o)
                              c:/program files (x86)/gnu tools arm embedded/4.9 2014q4/bin/../lib/gcc/arm-none-eabi/4.9.3/../../../../arm-none-eabi/lib/armv7e-m\libm.a(lib_a-w_atan2.o) (__ieee754_atan2)
c:/program files (x86)/gnu tools arm embedded/4.9 2014q4/bin/../lib/gcc/arm-none-eabi/4.9.3/../../../../arm-none-eabi/lib/armv7e-m\libm.a(lib_a-e_pow.o)
                              c:/program files (x86)/gnu tools arm embedded/4.9 2014q4/bin/../lib/gcc/arm-none-eabi/4.9.3/../../../../arm-none-eabi/lib/armv7e-m\libm.a(lib_a-w_pow.o) (__ieee754_pow)
c:/program files (x86)/gnu tools arm embedded/4.9 2014q4/bin/../lib/gcc/arm-none-eabi/4.9.3/../../../../arm-none-eabi/lib/armv7e-m\libm.a(lib_a-e_rem_pio2.o)
                              c:/program files (x86)/gnu tools arm embedded/4.9 2014q4/bin/../lib/gcc/arm-none-eabi/4.9.3/../../../../arm-none-eabi/lib/armv7e-m\libm.a(lib_a-s_cos.o) (__ieee754_rem_pio2)
c:/program files (x86)/gnu tools arm embedded/4.9 2014q4/bin/../lib/gcc/arm-none-eabi/4.9.3/../../../../arm-none-eabi/lib/armv7e-m\libm.a(lib_a-e_sqrt.o)
                              c:/program files (x86)/gnu tools arm embedded/4.9 2014q4/bin/../lib/gcc/arm-none-eabi/4.9.3/../../../../arm-none-eabi/lib/armv7e-m\libm.a(lib_a-e_pow.o) (__ieee754_sqrt)
c:/program files (x86)/gnu tools arm embedded/4.9 2014q4/bin/../lib/gcc/arm-none-eabi/4.9.3/../../../../arm-none-eabi/lib/armv7e-m\libm.a(lib_a-ef_acos.o)
                              c:/program files (x86)/gnu tools arm embedded/4.9 2014q4/bin/../lib/gcc/arm-none-eabi/4.9.3/../../../../arm-none-eabi/lib/armv7e-m\libm.a(lib_a-wf_acos.o) (__ieee754_acosf)
c:/program files (x86)/gnu tools arm embedded/4.9 2014q4/bin/../lib/gcc/arm-none-eabi/4.9.3/../../../../arm-none-eabi/lib/armv7e-m\libm.a(lib_a-ef_atan2.o)
                              c:/program files (x86)/gnu tools arm embedded/4.9 2014q4/bin/../lib/gcc/arm-none-eabi/4.9.3/../../../../arm-none-eabi/lib/armv7e-m\libm.a(lib_a-wf_atan2.o) (__ieee754_atan2f)
c:/program files (x86)/gnu tools arm embedded/4.9 2014q4/bin/../lib/gcc/arm-none-eabi/4.9.3/../../../../arm-none-eabi/lib/armv7e-m\libm.a(lib_a-ef_pow.o)
                              c:/program files (x86)/gnu tools arm embedded/4.9 2014q4/bin/../lib/gcc/arm-none-eabi/4.9.3/../../../../arm-none-eabi/lib/armv7e-m\libm.a(lib_a-wf_pow.o) (__ieee754_powf)
c:/program files (x86)/gnu tools arm embedded/4.9 2014q4/bin/../lib/gcc/arm-none-eabi/4.9.3/../../../../arm-none-eabi/lib/armv7e-m\libm.a(lib_a-ef_rem_pio2.o)
[...]
Memory Configuration

Name             Origin             Length             Attributes
rom              0x08000000         0x00100000         xr
ram              0x20000000         0x00020000         xrw
ram1             0x10000000         0x00010000         xrw
*default*        0x00000000         0xffffffff

Linker script and memory map

LOAD c:/program files (x86)/gnu tools arm embedded/4.9 2014q4/bin/../lib/gcc/arm-none-eabi/4.9.3/armv7e-m/crti.o
LOAD c:/program files (x86)/gnu tools arm embedded/4.9 2014q4/bin/../lib/gcc/arm-none-eabi/4.9.3/armv7e-m/crtbegin.o
LOAD c:/program files (x86)/gnu tools arm embedded/4.9 2014q4/bin/../lib/gcc/arm-none-eabi/4.9.3/../../../../arm-none-eabi/lib/armv7e-m/crt0.o
                0x20020000                _eram = 0x20020000

.text           0x08000000    0x22550
 *(.isr_vector)
 .isr_vector    0x08000000      0x188 ..\obj\startup_stm32f4xx.o
                0x08000000                g_pfnVectors
 *(.text*)
 .text          0x08000188       0x5c c:/program files (x86)/gnu tools arm embedded/4.9 2014q4/bin/../lib/gcc/arm-none-eabi/4.9.3/armv7e-m/crtbegin.o
 .text.Set_duty
                0x080001e4       0xc4 ..\obj\config_pwm.o
                0x080001e4                Set_duty
 .text.Read_duty
                0x080002a8       0x68 ..\obj\config_pwm.o
                0x080002a8                Read_duty
 .text.Init_PWM
                0x08000310      0x2b4 ..\obj\config_pwm.o
                0x08000310                Init_PWM
 .text.USB_OTG_WritePacket
                0x080005c4       0x78 ..\obj\usb_core.o
                0x080005c4                USB_OTG_WritePacket
 .text.USB_OTG_ReadPacket
                0x0800063c       0x58 ..\obj\usb_core.o
                0x0800063c                USB_OTG_ReadPacket
 .text.USB_OTG_FlushTxFifo
                0x08000694       0x7c ..\obj\usb_core.o
                0x08000694                USB_OTG_FlushTxFifo
 .text.USB_OTG_GetMode
                0x08000710       0x20 ..\obj\usb_core.o
                0x08000710                USB_OTG_GetMode
 .text.USB_OTG_IsDeviceMode
                0x08000730       0x24 ..\obj\usb_core.o
                0x08000730                USB_OTG_IsDeviceMode
 .text.USB_OTG_ReadCoreItr
                0x08000754       0x30 ..\obj\usb_core.o
                0x08000754                USB_OTG_ReadCoreItr
 .text.USB_OTG_GetDeviceSpeed
                0x08000784       0x48 ..\obj\usb_core.o
                0x08000784                USB_OTG_GetDeviceSpeed
 .text.USB_OTG_EP0Activate
                0x080007cc       0x78 ..\obj\usb_core.o
                0x080007cc                USB_OTG_EP0Activate
 .text.USB_OTG_EPActivate
                0x08000844       0xdc ..\obj\usb_core.o
                0x08000844                USB_OTG_EPActivate
 .text.USB_OTG_EPStartXfer
                0x08000920      0x280 ..\obj\usb_core.o
                0x08000920                USB_OTG_EPStartXfer
 .text.USB_OTG_EP0StartXfer
                0x08000ba0      0x1d4 ..\obj\usb_core.o
                0x08000ba0                USB_OTG_EP0StartXfer
 .text.USB_OTG_EPSetStall
                0x08000d74       0x88 ..\obj\usb_core.o
                0x08000d74                USB_OTG_EPSetStall
 .text.USB_OTG_EPClearStall
                0x08000dfc       0x78 ..\obj\usb_core.o
                0x08000dfc                USB_OTG_EPClearStall
 .text.USB_OTG_ReadDevAllOutEp_itr
                0x08000e74       0x2c ..\obj\usb_core.o
                0x08000e74                USB_OTG_ReadDevAllOutEp_itr
 .text.USB_OTG_ReadDevOutEP_itr
                0x08000ea0       0x38 ..\obj\usb_core.o
                0x08000ea0                USB_OTG_ReadDevOutEP_itr
 .text.USB_OTG_ReadDevAllInEPItr
                0x08000ed8       0x2c ..\obj\usb_core.o
                0x08000ed8                USB_OTG_ReadDevAllInEPItr
 .text.USB_OTG_EP0_OutStart
                0x08000f04       0x70 ..\obj\usb_core.o
                0x08000f04                USB_OTG_EP0_OutStart
 .text.USB_OTG_UngateClock
                0x08000f74       0x54 ..\obj\usb_core.o
                0x08000f74                USB_OTG_UngateClock
 .text.Init_port
                0x08000fc8       0xc4 ..\obj\config_port.o
                0x08000fc8                Init_port
 .text.SDIO_ITConfig
                0x0800108c       0x3c ..\obj\stm32f4xx_sdio.o
                0x0800108c                SDIO_ITConfig
 .text.SDIO_GetITStatus
                0x080010c8       0x34 ..\obj\stm32f4xx_sdio.o
                0x080010c8                SDIO_GetITStatus
 .text.SDIO_ClearITPendingBit
                0x080010fc       0x1c ..\obj\stm32f4xx_sdio.o
                0x080010fc                SDIO_ClearITPendingBit
 .text._ZN6MiniMDC2ER7DigitalS1_R3Pwm
                0x08001118       0x30 ..\obj\mini_md.o
                0x08001118                MiniMD::MiniMD(Digital&, Digital&, Pwm&)
                0x08001118                MiniMD::MiniMD(Digital&, Digital&, Pwm&)
 .text._ZN6MiniMD5setupEf
                0x08001148       0x98 ..\obj\mini_md.o
                0x08001148                MiniMD::setup(float)
 .text._ZN6MiniMD4dutyEf
                0x080011e0       0x28 ..\obj\mini_md.o
                0x080011e0                MiniMD::duty(float)
 .text._ZN6MiniMD5cycleEv
                0x08001208      0x104 ..\obj\mini_md.o
                0x08001208                MiniMD::cycle()
 .text.TIM1_UP_TIM10_IRQHandler
                0x0800130c       0x48 ..\obj\config_encoder.o
                0x0800130c                TIM1_UP_TIM10_IRQHandler
 .text.TIM2_IRQHandler
                0x08001354       0x4c ..\obj\config_encoder.o
                0x08001354                TIM2_IRQHandler
 .text.TIM3_IRQHandler
                0x080013a0       0x48 ..\obj\config_encoder.o
                0x080013a0                TIM3_IRQHandler
 .text.TIM4_IRQHandler
                0x080013e8       0x48 ..\obj\config_encoder.o
                0x080013e8                TIM4_IRQHandler
 .text.TIM5_IRQHandler
                0x08001430       0x48 ..\obj\config_encoder.o
                0x08001430                TIM5_IRQHandler
 .text.TIM8_UP_TIM13_IRQHandler
                0x08001478       0x48 ..\obj\config_encoder.o
                0x08001478                TIM8_UP_TIM13_IRQHandler
 .text.TIM8_BRK_TIM12_IRQHandler
                0x080014c0       0x48 ..\obj\config_encoder.o
                0x080014c0                TIM8_BRK_TIM12_IRQHandler
 .text.tim1_count
                0x08001508       0x20 ..\obj\config_encoder.o
                0x08001508                tim1_count
 .text.tim2_count
                0x08001528       0x20 ..\obj\config_encoder.o
                0x08001528                tim2_count
 .text.tim3_count
                0x08001548       0x20 ..\obj\config_encoder.o
                0x08001548                tim3_count
 .text.tim4_count
                0x08001568       0x20 ..\obj\config_encoder.o
                0x08001568                tim4_count
 .text.tim5_count
                0x08001588       0x20 ..\obj\config_encoder.o
                0x08001588                tim5_count
 .text.tim8_count
                0x080015a8       0x20 ..\obj\config_encoder.o
                0x080015a8                tim8_count
 .text.tim12_count
                0x080015c8       0x20 ..\obj\config_encoder.o
                0x080015c8                tim12_count
 .text.Init_encoder
                0x080015e8      0x118 ..\obj\config_encoder.o
                0x080015e8                Init_encoder
 .text.Select_encoder_count
                0x08001700       0x9c ..\obj\config_encoder.o
                0x08001700                Select_encoder_count
 .text.Reset_encoder_over_under_flow
                0x0800179c       0xa0 ..\obj\config_encoder.o
                0x0800179c                Reset_encoder_over_under_flow
 .text.OTG_FS_IRQHandler
                0x0800183c       0x10 ..\obj\config_usb.o
                0x0800183c                OTG_FS_IRQHandler
 .text.OTG_FS_WKUP_IRQHandler
                0x0800184c       0x34 ..\obj\config_usb.o
                0x0800184c                OTG_FS_WKUP_IRQHandler
 .text.USART_Init
                0x08001880      0x178 ..\obj\stm32f4xx_usart.o
                0x08001880                USART_Init
 .text.USART_Cmd
                0x080019f8       0x40 ..\obj\stm32f4xx_usart.o
                0x080019f8                USART_Cmd
 .text.USART_SendData
                0x08001a38       0x24 ..\obj\stm32f4xx_usart.o
                0x08001a38                USART_SendData
 .text.USART_ReceiveData
                0x08001a5c       0x20 ..\obj\stm32f4xx_usart.o
                0x08001a5c                USART_ReceiveData
 .text.USART_ITConfig
                0x08001a7c       0x90 ..\obj\stm32f4xx_usart.o
                0x08001a7c                USART_ITConfig
 .text.USART_GetFlagStatus
                0x08001b0c       0x38 ..\obj\stm32f4xx_usart.o
                0x08001b0c                USART_GetFlagStatus
 .text.constrain
                0x08001b44       0x3c ..\obj\util.o
                0x08001b44                constrain
 .text.CAN_DeInit
                0x08001b80       0x44 ..\obj\stm32f4xx_can.o
                0x08001b80                CAN_DeInit
 .text.CAN_Init
                0x08001bc4      0x1a4 ..\obj\stm32f4xx_can.o
                0x08001bc4                CAN_Init
 .text.CAN_FilterInit
                0x08001d68      0x174 ..\obj\stm32f4xx_can.o
                0x08001d68                CAN_FilterInit
 .text.CAN_StructInit
                0x08001edc       0x54 ..\obj\stm32f4xx_can.o
                0x08001edc                CAN_StructInit
 .text.CAN_Transmit
                0x08001f30      0x190 ..\obj\stm32f4xx_can.o
                0x08001f30                CAN_Transmit
 .text.CAN_TransmitStatus
                0x080020c0       0xd4 ..\obj\stm32f4xx_can.o
                0x080020c0                CAN_TransmitStatus
 .text.CAN_Receive
                0x08002194      0x170 ..\obj\stm32f4xx_can.o
                0x08002194                CAN_Receive
 .text.CAN_ITConfig
                0x08002304       0x3c ..\obj\stm32f4xx_can.o
                0x08002304                CAN_ITConfig
 .text.CAN_GetITStatus
                0x08002340      0x194 ..\obj\stm32f4xx_can.o
                0x08002340                CAN_GetITStatus
 .text.CheckITStatus
                0x080024d4       0x30 ..\obj\stm32f4xx_can.o
 .text.SysTick_Handler
                0x08002504       0x24 ..\obj\mcutime.o
                0x08002504                SysTick_Handler
 .text.millis   0x08002528       0x28 ..\obj\mcutime.o
                0x08002528                millis
 .text.micros   0x08002550       0x30 ..\obj\mcutime.o
                0x08002550                micros
 .text.timer_setup
                0x08002580       0x10 ..\obj\mcutime.o
                0x08002580                timer_setup
 .text.Init_CAN
                0x08002590      0x168 ..\obj\config_can.o
                0x08002590                Init_CAN
 .text.Init_CANfilter
                0x080026f8       0xe4 ..\obj\config_can.o
                0x080026f8                Init_CANfilter
 .text.send_can1
                0x080027dc       0x2c ..\obj\config_can.o
                0x080027dc                send_can1
 .text.Default_Reset_Handler
                0x08002808       0x5c ..\obj\startup_stm32f4xx.o
                0x08002808                Default_Reset_Handler
                0x08002808                Reset_Handler
 .text.Default_Handler
                0x08002864        0x8 ..\obj\startup_stm32f4xx.o
                0x08002864                RTC_Alarm_IRQHandler
                0x08002864                HASH_RNG_IRQHandler
                0x08002864                EXTI2_IRQHandler
                0x08002864                TIM8_CC_IRQHandler
                0x08002864                TIM1_CC_IRQHandler
                0x08002864                DMA2_Stream5_IRQHandler
                0x08002864                DMA1_Stream5_IRQHandler
                0x08002864                PVD_IRQHandler
                0x08002864                TAMP_STAMP_IRQHandler
                0x08002864                CAN2_RX1_IRQHandler
                0x08002864                EXTI3_IRQHandler
                0x08002864                TIM8_TRG_COM_TIM14_IRQHandler
                0x08002864                I2C3_ER_IRQHandler
                0x08002864                EXTI0_IRQHandler
                0x08002864                I2C2_EV_IRQHandler
                0x08002864                DMA1_Stream2_IRQHandler
                0x08002864                FPU_IRQHandler
                0x08002864                OTG_HS_WKUP_IRQHandler
                0x08002864                CAN2_SCE_IRQHandler
                0x08002864                DMA2_Stream2_IRQHandler
                0x08002864                SPI1_IRQHandler
                0x08002864                TIM6_DAC_IRQHandler
                0x08002864                TIM1_BRK_TIM9_IRQHandler
                0x08002864                DCMI_IRQHandler
                0x08002864                CAN2_RX0_IRQHandler
                0x08002864                USART6_IRQHandler
                0x08002864                CRYP_IRQHandler
                0x08002864                CAN1_RX1_IRQHandler
                0x08002864                UART5_IRQHandler
                0x08002864                DMA2_Stream0_IRQHandler
                0x08002864                I2C1_EV_IRQHandler
                0x08002864                DMA1_Stream6_IRQHandler
                0x08002864                DMA1_Stream1_IRQHandler
                0x08002864                UART4_IRQHandler
                0x08002864                RCC_IRQHandler
                0x08002864                EXTI15_10_IRQHandler
                0x08002864                ADC_IRQHandler
                0x08002864                DMA1_Stream7_IRQHandler
                0x08002864                TIM7_IRQHandler
                0x08002864                CAN2_TX_IRQHandler
                0x08002864                DMA2_Stream7_IRQHandler
                0x08002864                I2C3_EV_IRQHandler
                0x08002864                EXTI9_5_IRQHandler
                0x08002864                RTC_WKUP_IRQHandler
                0x08002864                ETH_WKUP_IRQHandler
                0x08002864                SPI2_IRQHandler
                0x08002864                OTG_HS_EP1_IN_IRQHandler
                0x08002864                DMA1_Stream0_IRQHandler
                0x08002864                CAN1_TX_IRQHandler
                0x08002864                EXTI4_IRQHandler
                0x08002864                FSMC_IRQHandler
                0x08002864                ETH_IRQHandler
                0x08002864                OTG_HS_EP1_OUT_IRQHandler
                0x08002864                WWDG_IRQHandler
                0x08002864                TIM1_TRG_COM_TIM11_IRQHandler
                0x08002864                OTG_HS_IRQHandler
                0x08002864                EXTI1_IRQHandler
                0x08002864                I2C2_ER_IRQHandler
                0x08002864                DMA2_Stream1_IRQHandler
                0x08002864                CAN1_SCE_IRQHandler
                0x08002864                FLASH_IRQHandler
                0x08002864                DMA2_Stream4_IRQHandler
                0x08002864                USART1_IRQHandler
                0x08002864                SPI3_IRQHandler
                0x08002864                DMA1_Stream4_IRQHandler
                0x08002864                I2C1_ER_IRQHandler
                0x08002864                DMA2_Stream6_IRQHandler
                0x08002864                DMA1_Stream3_IRQHandler
 .text.USBD_SetupStage
                0x0800286c       0x6c ..\obj\usbd_core.o
 .text.USBD_DataOutStage
                0x080028d8       0xcc ..\obj\usbd_core.o
 .text.USBD_DataInStage
                0x080029a4      0x104 ..\obj\usbd_core.o
 .text.USBD_Reset
                0x08002aa8       0x44 ..\obj\usbd_core.o
 .text.USBD_Resume
                0x08002aec       0x24 ..\obj\usbd_core.o
 .text.USBD_Suspend
                0x08002b10       0x24 ..\obj\usbd_core.o
 .text.USBD_SOF
                0x08002b34       0x2c ..\obj\usbd_core.o
 .text.USBD_SetCfg
                0x08002b60       0x30 ..\obj\usbd_core.o
                0x08002b60                USBD_SetCfg
 .text.USBD_ClrCfg
                0x08002b90       0x28 ..\obj\usbd_core.o
                0x08002b90                USBD_ClrCfg
 .text.USBD_IsoINIncomplete
                0x08002bb8       0x20 ..\obj\usbd_core.o
 .text.USBD_IsoOUTIncomplete
                0x08002bd8       0x20 ..\obj\usbd_core.o
 .text._ZN15SerialInterface20serialInterfaceSetupEPFvcE
                0x08002bf8       0x24 ..\obj\pin.o
                0x08002bf8                SerialInterface::serialInterfaceSetup(void (*)(char))
 .text._ZN15SerialInterface16serialReadStringEPc
                0x08002c1c       0x14 ..\obj\pin.o
                0x08002c1c                SerialInterface::serialReadString(char*)
 .text._ZN15SerialInterfaceC2Ev
                0x08002c30       0x28 ..\obj\pin.o
                0x08002c30                SerialInterface::SerialInterface()
                0x08002c30                SerialInterface::SerialInterface()
 .text._ZN6Serial8ReceiverC2EPS_
                0x08002c58       0x38 ..\obj\pin.o
                0x08002c58                Serial::Receiver::Receiver(Serial*)
                0x08002c58                Serial::Receiver::Receiver(Serial*)
 .text._ZN6Serial8Receiver14serialReadCharEc
                0x08002c90       0x60 ..\obj\pin.o
                0x08002c90                Serial::Receiver::serialReadChar(char)
 .text._ZN6Serial8Receiver13charAvailableEv
                0x08002cf0       0x28 ..\obj\pin.o
                0x08002cf0                Serial::Receiver::charAvailable()
 .text._ZN6Serial8Receiver15stringAvailableEv
                0x08002d18       0x1c ..\obj\pin.o
                0x08002d18                Serial::Receiver::stringAvailable()
 .text._ZN6Serial8Receiver8readCharEv
                0x08002d34       0x1c ..\obj\pin.o
                0x08002d34                Serial::Receiver::readChar()
 .text._ZN6Serial8Receiver10readStringEPc
                0x08002d50       0xe8 ..\obj\pin.o
                0x08002d50                Serial::Receiver::readString(char*)
 .text._ZN6Serial15stringAvailableEv
                0x08002e38       0x28 ..\obj\pin.o
                0x08002e38                Serial::stringAvailable()
 .text._ZN6Serial10readStringEPc
                0x08002e60       0x34 ..\obj\pin.o
                0x08002e60                Serial::readString(char*)
 .text._ZN6Serial13charAvailableEv
                0x08002e94       0x28 ..\obj\pin.o
                0x08002e94                Serial::charAvailable()
 .text._ZN6Serial8readCharEv
                0x08002ebc       0x28 ..\obj\pin.o
                0x08002ebc                Serial::readChar()
 .text._ZN6Serial11stringWriteEPc
                0x08002ee4       0x40 ..\obj\pin.o
                0x08002ee4                Serial::stringWrite(char*)
 .text._ZN6Serial5setupEiR15SerialInterfaceii
                0x08002f24       0x34 ..\obj\pin.o
                0x08002f24                Serial::setup(int, SerialInterface&, int, int)
 .text._ZN6Serial5setupEiii
                0x08002f58       0x4c ..\obj\pin.o
                0x08002f58                Serial::setup(int, int, int)
 .text._ZN7Digital14setupDigitalInEv
                0x08002fa4       0x34 ..\obj\pin.o
                0x08002fa4                Digital::setupDigitalIn()
 .text._ZN7Digital15setupDigitalOutEv
                0x08002fd8       0x34 ..\obj\pin.o
                0x08002fd8                Digital::setupDigitalOut()
 .text._ZN7Digital20setupDigitalInPullUpEv
                0x0800300c       0x34 ..\obj\pin.o
                0x0800300c                Digital::setupDigitalInPullUp()
 .text._ZN7Digital22setupDigitalInPullDownEv
                0x08003040       0x34 ..\obj\pin.o
                0x08003040                Digital::setupDigitalInPullDown()
 .text._ZN7Digital12digitalWriteEi
                0x08003074       0x68 ..\obj\pin.o
                0x08003074                Digital::digitalWrite(int)
 .text._ZN7Digital11digitalReadEv
                0x080030dc       0x40 ..\obj\pin.o
                0x080030dc                Digital::digitalRead()
 .text._ZN7Digital11digitalHighEv
                0x0800311c       0x1c ..\obj\pin.o
                0x0800311c                Digital::digitalHigh()
 .text._ZN7Digital10digitalLowEv
                0x08003138       0x1c ..\obj\pin.o
                0x08003138                Digital::digitalLow()
 .text._ZN7Digital13digitalToggleEv
                0x08003154       0x34 ..\obj\pin.o
                0x08003154                Digital::digitalToggle()
 .text._ZN6Analog13setupAnalogInEv
                0x08003188       0x1c ..\obj\pin.o
                0x08003188                Analog::setupAnalogIn()
 .text._ZN6Analog10analogReadEv
                0x080031a4       0x20 ..\obj\pin.o
                0x080031a4                Analog::analogRead()
 .text._ZN3Pwm11setupPwmOutEff
                0x080031c4       0x24 ..\obj\pin.o
                0x080031c4                Pwm::setupPwmOut(float, float)
 .text._ZN3Pwm8pwmWriteEf
                0x080031e8       0x20 ..\obj\pin.o
                0x080031e8                Pwm::pwmWrite(float)
 .text._ZN3Pwm8pwmWriteEv
                0x08003208       0x20 ..\obj\pin.o
                0x08003208                Pwm::pwmWrite()
 .text._ZN2A016analogResolutionEv
                0x08003228       0x20 ..\obj\pin.o
                0x08003228                A0::analogResolution()
                0x08003240                non-virtual thunk to A0::analogResolution()
 .text._ZN2A013analogVoltageEv
                0x08003248       0x24 ..\obj\pin.o
                0x08003248                A0::analogVoltage()
                0x08003264                non-virtual thunk to A0::analogVoltage()
 .text._ZN2A116analogResolutionEv
                0x0800326c       0x20 ..\obj\pin.o
                0x0800326c                A1::analogResolution()
                0x08003284                non-virtual thunk to A1::analogResolution()
 .text._ZN2A113analogVoltageEv
                0x0800328c       0x24 ..\obj\pin.o
                0x0800328c                A1::analogVoltage()
                0x080032a8                non-virtual thunk to A1::analogVoltage()
 .text._ZN2A216analogResolutionEv
                0x080032b0       0x20 ..\obj\pin.o
                0x080032b0                A2::analogResolution()
                0x080032c8                non-virtual thunk to A2::analogResolution()
 .text._ZN2A213analogVoltageEv
                0x080032d0       0x24 ..\obj\pin.o
                0x080032d0                A2::analogVoltage()
                0x080032ec                non-virtual thunk to A2::analogVoltage()
 .text._ZN2A316analogResolutionEv
                0x080032f4       0x20 ..\obj\pin.o
                0x080032f4                A3::analogResolution()
                0x0800330c                non-virtual thunk to A3::analogResolution()
 .text._ZN2A313analogVoltageEv
                0x08003314       0x24 ..\obj\pin.o
                0x08003314                A3::analogVoltage()
                0x08003330                non-virtual thunk to A3::analogVoltage()
 .text._ZN2A416analogResolutionEv
                0x08003338       0x20 ..\obj\pin.o
                0x08003338                A4::analogResolution()
                0x08003350                non-virtual thunk to A4::analogResolution()
 .text._ZN2A413analogVoltageEv
                0x08003358       0x24 ..\obj\pin.o
                0x08003358                A4::analogVoltage()
                0x08003374                non-virtual thunk to A4::analogVoltage()
 .text._ZN4Led013_digitalWriteEv
                0x0800337c       0x20 ..\obj\pin.o
                0x0800337c                Led0::_digitalWrite()
 .text._ZN4Led013_digitalWriteEi
                0x0800339c       0x30 ..\obj\pin.o
                0x0800339c                Led0::_digitalWrite(int)
 .text._ZN4Led012_digitalReadEv
                0x080033cc       0x20 ..\obj\pin.o
                0x080033cc                Led0::_digitalRead()
 .text._ZN4Led015_setupDigitalInEv
                0x080033ec       0x28 ..\obj\pin.o
                0x080033ec                Led0::_setupDigitalIn()
 .text._ZN4Led016_setupDigitalOutEv
                0x08003414       0x28 ..\obj\pin.o
                0x08003414                Led0::_setupDigitalOut()
 .text._ZN4Led021_setupDigitalInPullUpEv
                0x0800343c       0x28 ..\obj\pin.o
                0x0800343c                Led0::_setupDigitalInPullUp()
 .text._ZN4Led023_setupDigitalInPullDownEv
                0x08003464       0x28 ..\obj\pin.o
                0x08003464                Led0::_setupDigitalInPullDown()
 .text._ZN4Led113_digitalWriteEv
                0x0800348c       0x20 ..\obj\pin.o
                0x0800348c                Led1::_digitalWrite()
 .text._ZN4Led113_digitalWriteEi
                0x080034ac       0x30 ..\obj\pin.o
                0x080034ac                Led1::_digitalWrite(int)
 .text._ZN4Led112_digitalReadEv
                0x080034dc       0x20 ..\obj\pin.o
                0x080034dc                Led1::_digitalRead()
 .text._ZN4Led115_setupDigitalInEv
                0x080034fc       0x28 ..\obj\pin.o
                0x080034fc                Led1::_setupDigitalIn()
 .text._ZN4Led116_setupDigitalOutEv
                0x08003524       0x28 ..\obj\pin.o
                0x08003524                Led1::_setupDigitalOut()
 .text._ZN4Led121_setupDigitalInPullUpEv
                0x0800354c       0x28 ..\obj\pin.o
                0x0800354c                Led1::_setupDigitalInPullUp()
 .text._ZN4Led123_setupDigitalInPullDownEv
                0x08003574       0x28 ..\obj\pin.o
                0x08003574                Led1::_setupDigitalInPullDown()
 .text._ZN4Led213_digitalWriteEv
                0x0800359c       0x20 ..\obj\pin.o
                0x0800359c                Led2::_digitalWrite()
 .text._ZN4Led213_digitalWriteEi
                0x080035bc       0x30 ..\obj\pin.o
                0x080035bc                Led2::_digitalWrite(int)
 .text._ZN4Led212_digitalReadEv
                0x080035ec       0x20 ..\obj\pin.o
                0x080035ec                Led2::_digitalRead()
 .text._ZN4Led215_setupDigitalInEv
                0x0800360c       0x28 ..\obj\pin.o
                0x0800360c                Led2::_setupDigitalIn()
 .text._ZN4Led216_setupDigitalOutEv
                0x08003634       0x28 ..\obj\pin.o
                0x08003634                Led2::_setupDigitalOut()
 .text._ZN4Led221_setupDigitalInPullUpEv
                0x0800365c       0x28 ..\obj\pin.o
                0x0800365c                Led2::_setupDigitalInPullUp()
 .text._ZN4Led223_setupDigitalInPullDownEv
                0x08003684       0x28 ..\obj\pin.o
                0x08003684                Led2::_setupDigitalInPullDown()
 .text._ZN4Led313_digitalWriteEv
                0x080036ac       0x20 ..\obj\pin.o
                0x080036ac                Led3::_digitalWrite()
 .text._ZN4Led313_digitalWriteEi
                0x080036cc       0x30 ..\obj\pin.o
                0x080036cc                Led3::_digitalWrite(int)
 .text._ZN4Led312_digitalReadEv
                0x080036fc       0x20 ..\obj\pin.o
                0x080036fc                Led3::_digitalRead()
 .text._ZN4Led315_setupDigitalInEv
                0x0800371c       0x28 ..\obj\pin.o
                0x0800371c                Led3::_setupDigitalIn()
 .text._ZN4Led316_setupDigitalOutEv
                0x08003744       0x28 ..\obj\pin.o
                0x08003744                Led3::_setupDigitalOut()
 .text._ZN4Led321_setupDigitalInPullUpEv
                0x0800376c       0x28 ..\obj\pin.o
                0x0800376c                Led3::_setupDigitalInPullUp()
 .text._ZN4Led323_setupDigitalInPullDownEv
                0x08003794       0x28 ..\obj\pin.o
                0x08003794                Led3::_setupDigitalInPullDown()
 .text._ZN3Sw013_digitalWriteEv
                0x080037bc       0x20 ..\obj\pin.o
                0x080037bc                Sw0::_digitalWrite()
 .text._ZN3Sw013_digitalWriteEi
                0x080037dc       0x30 ..\obj\pin.o
                0x080037dc                Sw0::_digitalWrite(int)
 .text._ZN3Sw012_digitalReadEv
                0x0800380c       0x20 ..\obj\pin.o
                0x0800380c                Sw0::_digitalRead()
 .text._ZN3Sw015_setupDigitalInEv
                0x0800382c       0x28 ..\obj\pin.o
                0x0800382c                Sw0::_setupDigitalIn()
 .text._ZN3Sw016_setupDigitalOutEv
                0x08003854       0x18 ..\obj\pin.o
                0x08003854                Sw0::_setupDigitalOut()
 .text._ZN3Sw021_setupDigitalInPullUpEv
                0x0800386c       0x28 ..\obj\pin.o
                0x0800386c                Sw0::_setupDigitalInPullUp()
 .text._ZN3Sw023_setupDigitalInPullDownEv
                0x08003894       0x28 ..\obj\pin.o
                0x08003894                Sw0::_setupDigitalInPullDown()
 .text._ZN3Sw113_digitalWriteEv
                0x080038bc       0x20 ..\obj\pin.o
                0x080038bc                Sw1::_digitalWrite()
 .text._ZN3Sw113_digitalWriteEi
                0x080038dc       0x30 ..\obj\pin.o
                0x080038dc                Sw1::_digitalWrite(int)
 .text._ZN3Sw112_digitalReadEv
                0x0800390c       0x20 ..\obj\pin.o
                0x0800390c                Sw1::_digitalRead()
 .text._ZN3Sw115_setupDigitalInEv
                0x0800392c       0x28 ..\obj\pin.o
                0x0800392c                Sw1::_setupDigitalIn()
 .text._ZN3Sw116_setupDigitalOutEv
                0x08003954       0x18 ..\obj\pin.o
                0x08003954                Sw1::_setupDigitalOut()
 .text._ZN3Sw121_setupDigitalInPullUpEv
                0x0800396c       0x28 ..\obj\pin.o
                0x0800396c                Sw1::_setupDigitalInPullUp()
 .text._ZN3Sw123_setupDigitalInPullDownEv
                0x08003994       0x28 ..\obj\pin.o
                0x08003994                Sw1::_setupDigitalInPullDown()
 .text._ZN3Sw213_digitalWriteEv
                0x080039bc       0x20 ..\obj\pin.o
                0x080039bc                Sw2::_digitalWrite()
 .text._ZN3Sw213_digitalWriteEi
                0x080039dc       0x30 ..\obj\pin.o
                0x080039dc                Sw2::_digitalWrite(int)
 .text._ZN3Sw212_digitalReadEv
                0x08003a0c       0x20 ..\obj\pin.o
                0x08003a0c                Sw2::_digitalRead()
 .text._ZN3Sw215_setupDigitalInEv
                0x08003a2c       0x28 ..\obj\pin.o
                0x08003a2c                Sw2::_setupDigitalIn()
 .text._ZN3Sw216_setupDigitalOutEv
                0x08003a54       0x18 ..\obj\pin.o
                0x08003a54                Sw2::_setupDigitalOut()
 .text._ZN3Sw221_setupDigitalInPullUpEv
                0x08003a6c       0x28 ..\obj\pin.o
                0x08003a6c                Sw2::_setupDigitalInPullUp()
 .text._ZN3Sw223_setupDigitalInPullDownEv
                0x08003a94       0x28 ..\obj\pin.o
                0x08003a94                Sw2::_setupDigitalInPullDown()
 .text._ZN3Sw313_digitalWriteEv
                0x08003abc       0x20 ..\obj\pin.o
                0x08003abc                Sw3::_digitalWrite()
 .text._ZN3Sw313_digitalWriteEi
                0x08003adc       0x30 ..\obj\pin.o
                0x08003adc                Sw3::_digitalWrite(int)
 .text._ZN3Sw312_digitalReadEv
                0x08003b0c       0x20 ..\obj\pin.o
                0x08003b0c                Sw3::_digitalRead()
 .text._ZN3Sw315_setupDigitalInEv
                0x08003b2c       0x28 ..\obj\pin.o
                0x08003b2c                Sw3::_setupDigitalIn()
 .text._ZN3Sw316_setupDigitalOutEv
                0x08003b54       0x18 ..\obj\pin.o
                0x08003b54                Sw3::_setupDigitalOut()
 .text._ZN3Sw321_setupDigitalInPullUpEv
                0x08003b6c       0x28 ..\obj\pin.o
                0x08003b6c                Sw3::_setupDigitalInPullUp()
 .text._ZN3Sw323_setupDigitalInPullDownEv
                0x08003b94       0x28 ..\obj\pin.o
                0x08003b94                Sw3::_setupDigitalInPullDown()
 .text._ZN6Buzzer13_digitalWriteEv
                0x08003bbc       0x20 ..\obj\pin.o
                0x08003bbc                Buzzer::_digitalWrite()
 .text._ZN6Buzzer13_digitalWriteEi
                0x08003bdc       0x2c ..\obj\pin.o
                0x08003bdc                Buzzer::_digitalWrite(int)
 .text._ZN6Buzzer12_digitalReadEv
                0x08003c08       0x20 ..\obj\pin.o
                0x08003c08                Buzzer::_digitalRead()
 .text._ZN6Buzzer15_setupDigitalInEv
                0x08003c28       0x28 ..\obj\pin.o
                0x08003c28                Buzzer::_setupDigitalIn()
 .text._ZN6Buzzer16_setupDigitalOutEv
                0x08003c50       0x28 ..\obj\pin.o
                0x08003c50                Buzzer::_setupDigitalOut()
 .text._ZN6Buzzer21_setupDigitalInPullUpEv
                0x08003c78       0x28 ..\obj\pin.o
                0x08003c78                Buzzer::_setupDigitalInPullUp()
 .text._ZN6Buzzer23_setupDigitalInPullDownEv
                0x08003ca0       0x28 ..\obj\pin.o
                0x08003ca0                Buzzer::_setupDigitalInPullDown()
 .text._ZN3CW013_digitalWriteEv
                0x08003cc8       0x20 ..\obj\pin.o
                0x08003cc8                CW0::_digitalWrite()
 .text._ZN3CW013_digitalWriteEi
                0x08003ce8       0x2c ..\obj\pin.o
                0x08003ce8                CW0::_digitalWrite(int)
 .text._ZN3CW012_digitalReadEv
                0x08003d14       0x20 ..\obj\pin.o
                0x08003d14                CW0::_digitalRead()
 .text._ZN3CW015_setupDigitalInEv
                0x08003d34       0x28 ..\obj\pin.o
                0x08003d34                CW0::_setupDigitalIn()
 .text._ZN3CW016_setupDigitalOutEv
                0x08003d5c       0x28 ..\obj\pin.o
                0x08003d5c                CW0::_setupDigitalOut()
 .text._ZN3CW021_setupDigitalInPullUpEv
                0x08003d84       0x28 ..\obj\pin.o
                0x08003d84                CW0::_setupDigitalInPullUp()
 .text._ZN3CW023_setupDigitalInPullDownEv
                0x08003dac       0x28 ..\obj\pin.o
                0x08003dac                CW0::_setupDigitalInPullDown()
 .text._ZN4CCW013_digitalWriteEv
                0x08003dd4       0x20 ..\obj\pin.o
                0x08003dd4                CCW0::_digitalWrite()
 .text._ZN4CCW013_digitalWriteEi
                0x08003df4       0x2c ..\obj\pin.o
                0x08003df4                CCW0::_digitalWrite(int)
 .text._ZN4CCW012_digitalReadEv
                0x08003e20       0x20 ..\obj\pin.o
                0x08003e20                CCW0::_digitalRead()
 .text._ZN4CCW015_setupDigitalInEv
                0x08003e40       0x28 ..\obj\pin.o
                0x08003e40                CCW0::_setupDigitalIn()
 .text._ZN4CCW016_setupDigitalOutEv
                0x08003e68       0x28 ..\obj\pin.o
                0x08003e68                CCW0::_setupDigitalOut()
 .text._ZN4CCW021_setupDigitalInPullUpEv
                0x08003e90       0x28 ..\obj\pin.o
                0x08003e90                CCW0::_setupDigitalInPullUp()
 .text._ZN4CCW023_setupDigitalInPullDownEv
                0x08003eb8       0x28 ..\obj\pin.o
                0x08003eb8                CCW0::_setupDigitalInPullDown()
 .text._ZN3CW113_digitalWriteEv
                0x08003ee0       0x20 ..\obj\pin.o
                0x08003ee0                CW1::_digitalWrite()
 .text._ZN3CW113_digitalWriteEi
                0x08003f00       0x30 ..\obj\pin.o
                0x08003f00                CW1::_digitalWrite(int)
 .text._ZN3CW112_digitalReadEv
                0x08003f30       0x20 ..\obj\pin.o
                0x08003f30                CW1::_digitalRead()
 .text._ZN3CW115_setupDigitalInEv
                0x08003f50       0x28 ..\obj\pin.o
                0x08003f50                CW1::_setupDigitalIn()
 .text._ZN3CW116_setupDigitalOutEv
                0x08003f78       0x28 ..\obj\pin.o
                0x08003f78                CW1::_setupDigitalOut()
 .text._ZN3CW121_setupDigitalInPullUpEv
                0x08003fa0       0x28 ..\obj\pin.o
                0x08003fa0                CW1::_setupDigitalInPullUp()
 .text._ZN3CW123_setupDigitalInPullDownEv
                0x08003fc8       0x28 ..\obj\pin.o
                0x08003fc8                CW1::_setupDigitalInPullDown()
 .text._ZN4CCW113_digitalWriteEv
                0x08003ff0       0x20 ..\obj\pin.o
                0x08003ff0                CCW1::_digitalWrite()
 .text._ZN4CCW113_digitalWriteEi
                0x08004010       0x2c ..\obj\pin.o
                0x08004010                CCW1::_digitalWrite(int)
 .text._ZN4CCW112_digitalReadEv
                0x0800403c       0x20 ..\obj\pin.o
                0x0800403c                CCW1::_digitalRead()
 .text._ZN4CCW115_setupDigitalInEv
                0x0800405c       0x28 ..\obj\pin.o
                0x0800405c                CCW1::_setupDigitalIn()
 .text._ZN4CCW116_setupDigitalOutEv
                0x08004084       0x28 ..\obj\pin.o
                0x08004084                CCW1::_setupDigitalOut()
 .text._ZN4CCW121_setupDigitalInPullUpEv
                0x080040ac       0x28 ..\obj\pin.o
                0x080040ac                CCW1::_setupDigitalInPullUp()
 .text._ZN4CCW123_setupDigitalInPullDownEv
                0x080040d4       0x28 ..\obj\pin.o
                0x080040d4                CCW1::_setupDigitalInPullDown()
 .text._ZN3CW213_digitalWriteEv
                0x080040fc       0x20 ..\obj\pin.o
                0x080040fc                CW2::_digitalWrite()
 .text._ZN3CW213_digitalWriteEi
                0x0800411c       0x2c ..\obj\pin.o
                0x0800411c                CW2::_digitalWrite(int)
 .text._ZN3CW212_digitalReadEv
                0x08004148       0x20 ..\obj\pin.o
                0x08004148                CW2::_digitalRead()
 .text._ZN3CW215_setupDigitalInEv
                0x08004168       0x28 ..\obj\pin.o
                0x08004168                CW2::_setupDigitalIn()
 .text._ZN3CW216_setupDigitalOutEv
                0x08004190       0x28 ..\obj\pin.o
                0x08004190                CW2::_setupDigitalOut()
 .text._ZN3CW221_setupDigitalInPullUpEv
                0x080041b8       0x28 ..\obj\pin.o
                0x080041b8                CW2::_setupDigitalInPullUp()
 .text._ZN3CW223_setupDigitalInPullDownEv
                0x080041e0       0x28 ..\obj\pin.o
                0x080041e0                CW2::_setupDigitalInPullDown()
 .text._ZN4CCW213_digitalWriteEv
                0x08004208       0x20 ..\obj\pin.o
                0x08004208                CCW2::_digitalWrite()
 .text._ZN4CCW213_digitalWriteEi
                0x08004228       0x2c ..\obj\pin.o
                0x08004228                CCW2::_digitalWrite(int)
 .text._ZN4CCW212_digitalReadEv
                0x08004254       0x20 ..\obj\pin.o
                0x08004254                CCW2::_digitalRead()
 .text._ZN4CCW215_setupDigitalInEv
                0x08004274       0x28 ..\obj\pin.o
                0x08004274                CCW2::_setupDigitalIn()
 .text._ZN4CCW216_setupDigitalOutEv
                0x0800429c       0x28 ..\obj\pin.o
                0x0800429c                CCW2::_setupDigitalOut()
 .text._ZN4CCW221_setupDigitalInPullUpEv
                0x080042c4       0x28 ..\obj\pin.o
                0x080042c4                CCW2::_setupDigitalInPullUp()
 .text._ZN4CCW223_setupDigitalInPullDownEv
                0x080042ec       0x28 ..\obj\pin.o
                0x080042ec                CCW2::_setupDigitalInPullDown()
 .text._ZN3CW313_digitalWriteEv
                0x08004314       0x20 ..\obj\pin.o
                0x08004314                CW3::_digitalWrite()
 .text._ZN3CW313_digitalWriteEi
                0x08004334       0x30 ..\obj\pin.o
                0x08004334                CW3::_digitalWrite(int)
 .text._ZN3CW312_digitalReadEv
                0x08004364       0x20 ..\obj\pin.o
                0x08004364                CW3::_digitalRead()
 .text._ZN3CW315_setupDigitalInEv
                0x08004384       0x28 ..\obj\pin.o
                0x08004384                CW3::_setupDigitalIn()
 .text._ZN3CW316_setupDigitalOutEv
                0x080043ac       0x28 ..\obj\pin.o
                0x080043ac                CW3::_setupDigitalOut()
 .text._ZN3CW321_setupDigitalInPullUpEv
                0x080043d4       0x28 ..\obj\pin.o
                0x080043d4                CW3::_setupDigitalInPullUp()
 .text._ZN3CW323_setupDigitalInPullDownEv
                0x080043fc       0x28 ..\obj\pin.o
                0x080043fc                CW3::_setupDigitalInPullDown()
 .text._ZN4CCW313_digitalWriteEv
                0x08004424       0x20 ..\obj\pin.o
                0x08004424                CCW3::_digitalWrite()
 .text._ZN4CCW313_digitalWriteEi
                0x08004444       0x2c ..\obj\pin.o
                0x08004444                CCW3::_digitalWrite(int)
 .text._ZN4CCW312_digitalReadEv
                0x08004470       0x20 ..\obj\pin.o
                0x08004470                CCW3::_digitalRead()
 .text._ZN4CCW315_setupDigitalInEv
                0x08004490       0x28 ..\obj\pin.o
                0x08004490                CCW3::_setupDigitalIn()
 .text._ZN4CCW316_setupDigitalOutEv
                0x080044b8       0x28 ..\obj\pin.o
                0x080044b8                CCW3::_setupDigitalOut()
 .text._ZN4CCW321_setupDigitalInPullUpEv
                0x080044e0       0x28 ..\obj\pin.o
                0x080044e0                CCW3::_setupDigitalInPullUp()
 .text._ZN4CCW323_setupDigitalInPullDownEv
                0x08004508       0x28 ..\obj\pin.o
                0x08004508                CCW3::_setupDigitalInPullDown()
 .text._ZN3CW413_digitalWriteEv
                0x08004530       0x20 ..\obj\pin.o
                0x08004530                CW4::_digitalWrite()
 .text._ZN3CW413_digitalWriteEi
                0x08004550       0x2c ..\obj\pin.o
                0x08004550                CW4::_digitalWrite(int)
 .text._ZN3CW412_digitalReadEv
                0x0800457c       0x20 ..\obj\pin.o
                0x0800457c                CW4::_digitalRead()
 .text._ZN3CW415_setupDigitalInEv
                0x0800459c       0x28 ..\obj\pin.o
                0x0800459c                CW4::_setupDigitalIn()
 .text._ZN3CW416_setupDigitalOutEv
                0x080045c4       0x28 ..\obj\pin.o
                0x080045c4                CW4::_setupDigitalOut()
 .text._ZN3CW421_setupDigitalInPullUpEv
                0x080045ec       0x28 ..\obj\pin.o
                0x080045ec                CW4::_setupDigitalInPullUp()
 .text._ZN3CW423_setupDigitalInPullDownEv
                0x08004614       0x28 ..\obj\pin.o
                0x08004614                CW4::_setupDigitalInPullDown()
 .text._ZN4CCW413_digitalWriteEv
                0x0800463c       0x20 ..\obj\pin.o
                0x0800463c                CCW4::_digitalWrite()
 .text._ZN4CCW413_digitalWriteEi
                0x0800465c       0x2c ..\obj\pin.o
                0x0800465c                CCW4::_digitalWrite(int)
 .text._ZN4CCW412_digitalReadEv
                0x08004688       0x20 ..\obj\pin.o
                0x08004688                CCW4::_digitalRead()
 .text._ZN4CCW415_setupDigitalInEv
                0x080046a8       0x28 ..\obj\pin.o
                0x080046a8                CCW4::_setupDigitalIn()
 .text._ZN4CCW416_setupDigitalOutEv
                0x080046d0       0x28 ..\obj\pin.o
                0x080046d0                CCW4::_setupDigitalOut()
 .text._ZN4CCW421_setupDigitalInPullUpEv
                0x080046f8       0x28 ..\obj\pin.o
                0x080046f8                CCW4::_setupDigitalInPullUp()
 .text._ZN4CCW423_setupDigitalInPullDownEv
                0x08004720       0x28 ..\obj\pin.o
                0x08004720                CCW4::_setupDigitalInPullDown()
 .text._ZN3CW513_digitalWriteEv
                0x08004748       0x20 ..\obj\pin.o
                0x08004748                CW5::_digitalWrite()
 .text._ZN3CW513_digitalWriteEi
                0x08004768       0x30 ..\obj\pin.o
                0x08004768                CW5::_digitalWrite(int)
 .text._ZN3CW512_digitalReadEv
                0x08004798       0x20 ..\obj\pin.o
                0x08004798                CW5::_digitalRead()
 .text._ZN3CW515_setupDigitalInEv
                0x080047b8       0x28 ..\obj\pin.o
                0x080047b8                CW5::_setupDigitalIn()
 .text._ZN3CW516_setupDigitalOutEv
                0x080047e0       0x28 ..\obj\pin.o
                0x080047e0                CW5::_setupDigitalOut()
 .text._ZN3CW521_setupDigitalInPullUpEv
                0x08004808       0x28 ..\obj\pin.o
                0x08004808                CW5::_setupDigitalInPullUp()
 .text._ZN3CW523_setupDigitalInPullDownEv
                0x08004830       0x28 ..\obj\pin.o
                0x08004830                CW5::_setupDigitalInPullDown()
 .text._ZN4CCW513_digitalWriteEv
                0x08004858       0x20 ..\obj\pin.o
                0x08004858                CCW5::_digitalWrite()
 .text._ZN4CCW513_digitalWriteEi
                0x08004878       0x2c ..\obj\pin.o
                0x08004878                CCW5::_digitalWrite(int)
 .text._ZN4CCW512_digitalReadEv
                0x080048a4       0x20 ..\obj\pin.o
                0x080048a4                CCW5::_digitalRead()
 .text._ZN4CCW515_setupDigitalInEv
                0x080048c4       0x28 ..\obj\pin.o
                0x080048c4                CCW5::_setupDigitalIn()
 .text._ZN4CCW516_setupDigitalOutEv
                0x080048ec       0x28 ..\obj\pin.o
                0x080048ec                CCW5::_setupDigitalOut()
 .text._ZN4CCW521_setupDigitalInPullUpEv
                0x08004914       0x28 ..\obj\pin.o
                0x08004914                CCW5::_setupDigitalInPullUp()
 .text._ZN4CCW523_setupDigitalInPullDownEv
                0x0800493c       0x28 ..\obj\pin.o
                0x0800493c                CCW5::_setupDigitalInPullDown()
 .text._ZN2A013_digitalWriteEv
                0x08004964       0x20 ..\obj\pin.o
                0x08004964                A0::_digitalWrite()
 .text._ZN2A013_digitalWriteEi
                0x08004984       0x2c ..\obj\pin.o
                0x08004984                A0::_digitalWrite(int)
 .text._ZN2A012_digitalReadEv
                0x080049b0       0x20 ..\obj\pin.o
                0x080049b0                A0::_digitalRead()
 .text._ZN2A015_setupDigitalInEv
                0x080049d0       0x28 ..\obj\pin.o
                0x080049d0                A0::_setupDigitalIn()
 .text._ZN2A016_setupDigitalOutEv
                0x080049f8       0x2c ..\obj\pin.o
                0x080049f8                A0::_setupDigitalOut()
 .text._ZN2A021_setupDigitalInPullUpEv
                0x08004a24       0x28 ..\obj\pin.o
                0x08004a24                A0::_setupDigitalInPullUp()
 .text._ZN2A023_setupDigitalInPullDownEv
                0x08004a4c       0x28 ..\obj\pin.o
                0x08004a4c                A0::_setupDigitalInPullDown()
 .text._ZN2A113_digitalWriteEv
                0x08004a74       0x20 ..\obj\pin.o
                0x08004a74                A1::_digitalWrite()
 .text._ZN2A113_digitalWriteEi
                0x08004a94       0x2c ..\obj\pin.o
                0x08004a94                A1::_digitalWrite(int)
 .text._ZN2A112_digitalReadEv
                0x08004ac0       0x20 ..\obj\pin.o
                0x08004ac0                A1::_digitalRead()
 .text._ZN2A115_setupDigitalInEv
                0x08004ae0       0x28 ..\obj\pin.o
                0x08004ae0                A1::_setupDigitalIn()
 .text._ZN2A116_setupDigitalOutEv
                0x08004b08       0x2c ..\obj\pin.o
                0x08004b08                A1::_setupDigitalOut()
 .text._ZN2A121_setupDigitalInPullUpEv
                0x08004b34       0x28 ..\obj\pin.o
                0x08004b34                A1::_setupDigitalInPullUp()
 .text._ZN2A123_setupDigitalInPullDownEv
                0x08004b5c       0x28 ..\obj\pin.o
                0x08004b5c                A1::_setupDigitalInPullDown()
 .text._ZN2A213_digitalWriteEv
                0x08004b84       0x20 ..\obj\pin.o
                0x08004b84                A2::_digitalWrite()
 .text._ZN2A213_digitalWriteEi
                0x08004ba4       0x2c ..\obj\pin.o
                0x08004ba4                A2::_digitalWrite(int)
 .text._ZN2A212_digitalReadEv
                0x08004bd0       0x20 ..\obj\pin.o
                0x08004bd0                A2::_digitalRead()
 .text._ZN2A215_setupDigitalInEv
                0x08004bf0       0x28 ..\obj\pin.o
                0x08004bf0                A2::_setupDigitalIn()
 .text._ZN2A216_setupDigitalOutEv
                0x08004c18       0x2c ..\obj\pin.o
                0x08004c18                A2::_setupDigitalOut()
 .text._ZN2A221_setupDigitalInPullUpEv
                0x08004c44       0x28 ..\obj\pin.o
                0x08004c44                A2::_setupDigitalInPullUp()
 .text._ZN2A223_setupDigitalInPullDownEv
                0x08004c6c       0x28 ..\obj\pin.o
                0x08004c6c                A2::_setupDigitalInPullDown()
 .text._ZN2A313_digitalWriteEv
                0x08004c94       0x20 ..\obj\pin.o
                0x08004c94                A3::_digitalWrite()
 .text._ZN2A313_digitalWriteEi
                0x08004cb4       0x2c ..\obj\pin.o
                0x08004cb4                A3::_digitalWrite(int)
 .text._ZN2A312_digitalReadEv
                0x08004ce0       0x20 ..\obj\pin.o
                0x08004ce0                A3::_digitalRead()
 .text._ZN2A315_setupDigitalInEv
                0x08004d00       0x28 ..\obj\pin.o
                0x08004d00                A3::_setupDigitalIn()
 .text._ZN2A316_setupDigitalOutEv
                0x08004d28       0x2c ..\obj\pin.o
                0x08004d28                A3::_setupDigitalOut()
 .text._ZN2A321_setupDigitalInPullUpEv
                0x08004d54       0x28 ..\obj\pin.o
                0x08004d54                A3::_setupDigitalInPullUp()
 .text._ZN2A323_setupDigitalInPullDownEv
                0x08004d7c       0x28 ..\obj\pin.o
                0x08004d7c                A3::_setupDigitalInPullDown()
 .text._ZN2A413_digitalWriteEv
                0x08004da4       0x20 ..\obj\pin.o
                0x08004da4                A4::_digitalWrite()
 .text._ZN2A413_digitalWriteEi
                0x08004dc4       0x2c ..\obj\pin.o
                0x08004dc4                A4::_digitalWrite(int)
 .text._ZN2A412_digitalReadEv
                0x08004df0       0x20 ..\obj\pin.o
                0x08004df0                A4::_digitalRead()
 .text._ZN2A415_setupDigitalInEv
                0x08004e10       0x28 ..\obj\pin.o
                0x08004e10                A4::_setupDigitalIn()
 .text._ZN2A416_setupDigitalOutEv
                0x08004e38       0x2c ..\obj\pin.o
                0x08004e38                A4::_setupDigitalOut()
 .text._ZN2A421_setupDigitalInPullUpEv
                0x08004e64       0x28 ..\obj\pin.o
                0x08004e64                A4::_setupDigitalInPullUp()
 .text._ZN2A423_setupDigitalInPullDownEv
                0x08004e8c       0x28 ..\obj\pin.o
                0x08004e8c                A4::_setupDigitalInPullDown()
 .text._ZN4Pwm013_digitalWriteEv
                0x08004eb4       0x20 ..\obj\pin.o
                0x08004eb4                Pwm0::_digitalWrite()
 .text._ZN4Pwm013_digitalWriteEi
                0x08004ed4       0x30 ..\obj\pin.o
                0x08004ed4                Pwm0::_digitalWrite(int)
 .text._ZN4Pwm012_digitalReadEv
                0x08004f04       0x20 ..\obj\pin.o
                0x08004f04                Pwm0::_digitalRead()
 .text._ZN4Pwm015_setupDigitalInEv
                0x08004f24       0x28 ..\obj\pin.o
                0x08004f24                Pwm0::_setupDigitalIn()
 .text._ZN4Pwm016_setupDigitalOutEv
                0x08004f4c       0x30 ..\obj\pin.o
                0x08004f4c                Pwm0::_setupDigitalOut()
 .text._ZN4Pwm021_setupDigitalInPullUpEv
                0x08004f7c       0x28 ..\obj\pin.o
                0x08004f7c                Pwm0::_setupDigitalInPullUp()
 .text._ZN4Pwm023_setupDigitalInPullDownEv
                0x08004fa4       0x28 ..\obj\pin.o
                0x08004fa4                Pwm0::_setupDigitalInPullDown()
 .text._ZN4Pwm113_digitalWriteEv
                0x08004fcc       0x20 ..\obj\pin.o
                0x08004fcc                Pwm1::_digitalWrite()
 .text._ZN4Pwm113_digitalWriteEi
                0x08004fec       0x2c ..\obj\pin.o
                0x08004fec                Pwm1::_digitalWrite(int)
 .text._ZN4Pwm112_digitalReadEv
                0x08005018       0x20 ..\obj\pin.o
                0x08005018                Pwm1::_digitalRead()
 .text._ZN4Pwm115_setupDigitalInEv
                0x08005038       0x28 ..\obj\pin.o
                0x08005038                Pwm1::_setupDigitalIn()
 .text._ZN4Pwm116_setupDigitalOutEv
                0x08005060       0x2c ..\obj\pin.o
                0x08005060                Pwm1::_setupDigitalOut()
 .text._ZN4Pwm121_setupDigitalInPullUpEv
                0x0800508c       0x28 ..\obj\pin.o
                0x0800508c                Pwm1::_setupDigitalInPullUp()
 .text._ZN4Pwm123_setupDigitalInPullDownEv
                0x080050b4       0x28 ..\obj\pin.o
                0x080050b4                Pwm1::_setupDigitalInPullDown()
 .text._ZN4Pwm213_digitalWriteEv
                0x080050dc       0x20 ..\obj\pin.o
                0x080050dc                Pwm2::_digitalWrite()
 .text._ZN4Pwm213_digitalWriteEi
                0x080050fc       0x2c ..\obj\pin.o
                0x080050fc                Pwm2::_digitalWrite(int)
 .text._ZN4Pwm212_digitalReadEv
                0x08005128       0x20 ..\obj\pin.o
                0x08005128                Pwm2::_digitalRead()
 .text._ZN4Pwm215_setupDigitalInEv
                0x08005148       0x28 ..\obj\pin.o
                0x08005148                Pwm2::_setupDigitalIn()
 .text._ZN4Pwm216_setupDigitalOutEv
                0x08005170       0x2c ..\obj\pin.o
                0x08005170                Pwm2::_setupDigitalOut()
 .text._ZN4Pwm221_setupDigitalInPullUpEv
                0x0800519c       0x28 ..\obj\pin.o
                0x0800519c                Pwm2::_setupDigitalInPullUp()
 .text._ZN4Pwm223_setupDigitalInPullDownEv
                0x080051c4       0x28 ..\obj\pin.o
                0x080051c4                Pwm2::_setupDigitalInPullDown()
 .text._ZN4Pwm313_digitalWriteEv
                0x080051ec       0x20 ..\obj\pin.o
                0x080051ec                Pwm3::_digitalWrite()
 .text._ZN4Pwm313_digitalWriteEi
                0x0800520c       0x30 ..\obj\pin.o
                0x0800520c                Pwm3::_digitalWrite(int)
 .text._ZN4Pwm312_digitalReadEv
                0x0800523c       0x20 ..\obj\pin.o
                0x0800523c                Pwm3::_digitalRead()
 .text._ZN4Pwm315_setupDigitalInEv
                0x0800525c       0x28 ..\obj\pin.o
                0x0800525c                Pwm3::_setupDigitalIn()
 .text._ZN4Pwm316_setupDigitalOutEv
                0x08005284       0x30 ..\obj\pin.o
                0x08005284                Pwm3::_setupDigitalOut()
 .text._ZN4Pwm321_setupDigitalInPullUpEv
                0x080052b4       0x28 ..\obj\pin.o
                0x080052b4                Pwm3::_setupDigitalInPullUp()
 .text._ZN4Pwm323_setupDigitalInPullDownEv
                0x080052dc       0x28 ..\obj\pin.o
                0x080052dc                Pwm3::_setupDigitalInPullDown()
 .text._ZN4Pwm413_digitalWriteEv
                0x08005304       0x20 ..\obj\pin.o
                0x08005304                Pwm4::_digitalWrite()
 .text._ZN4Pwm413_digitalWriteEi
                0x08005324       0x30 ..\obj\pin.o
                0x08005324                Pwm4::_digitalWrite(int)
 .text._ZN4Pwm412_digitalReadEv
                0x08005354       0x20 ..\obj\pin.o
                0x08005354                Pwm4::_digitalRead()
 .text._ZN4Pwm415_setupDigitalInEv
                0x08005374       0x28 ..\obj\pin.o
                0x08005374                Pwm4::_setupDigitalIn()
 .text._ZN4Pwm416_setupDigitalOutEv
                0x0800539c       0x30 ..\obj\pin.o
                0x0800539c                Pwm4::_setupDigitalOut()
 .text._ZN4Pwm421_setupDigitalInPullUpEv
                0x080053cc       0x28 ..\obj\pin.o
                0x080053cc                Pwm4::_setupDigitalInPullUp()
 .text._ZN4Pwm423_setupDigitalInPullDownEv
                0x080053f4       0x28 ..\obj\pin.o
                0x080053f4                Pwm4::_setupDigitalInPullDown()
 .text._ZN4Pwm513_digitalWriteEv
                0x0800541c       0x20 ..\obj\pin.o
                0x0800541c                Pwm5::_digitalWrite()
 .text._ZN4Pwm513_digitalWriteEi
                0x0800543c       0x30 ..\obj\pin.o
                0x0800543c                Pwm5::_digitalWrite(int)
 .text._ZN4Pwm512_digitalReadEv
                0x0800546c       0x20 ..\obj\pin.o
                0x0800546c                Pwm5::_digitalRead()
 .text._ZN4Pwm515_setupDigitalInEv
                0x0800548c       0x28 ..\obj\pin.o
                0x0800548c                Pwm5::_setupDigitalIn()
 .text._ZN4Pwm516_setupDigitalOutEv
                0x080054b4       0x30 ..\obj\pin.o
                0x080054b4                Pwm5::_setupDigitalOut()
 .text._ZN4Pwm521_setupDigitalInPullUpEv
                0x080054e4       0x28 ..\obj\pin.o
                0x080054e4                Pwm5::_setupDigitalInPullUp()
 .text._ZN4Pwm523_setupDigitalInPullDownEv
                0x0800550c       0x28 ..\obj\pin.o
                0x0800550c                Pwm5::_setupDigitalInPullDown()
 .text._ZN2A014_setupAnalogInEv
                0x08005534       0x24 ..\obj\pin.o
                0x08005534                A0::_setupAnalogIn()
 .text._ZThn8_N2A014_setupAnalogInEv
                0x08005558        0x8 ..\obj\pin.o
                0x08005558                non-virtual thunk to A0::_setupAnalogIn()
 .text._ZN2A011_analogReadEv
                0x08005560       0x40 ..\obj\pin.o
                0x08005560                A0::_analogRead()
 .text._ZThn8_N2A011_analogReadEv
                0x080055a0        0x8 ..\obj\pin.o
                0x080055a0                non-virtual thunk to A0::_analogRead()
 .text._ZN2A114_setupAnalogInEv
                0x080055a8       0x24 ..\obj\pin.o
                0x080055a8                A1::_setupAnalogIn()
 .text._ZThn8_N2A114_setupAnalogInEv
                0x080055cc        0x8 ..\obj\pin.o
                0x080055cc                non-virtual thunk to A1::_setupAnalogIn()
 .text._ZN2A111_analogReadEv
                0x080055d4       0x40 ..\obj\pin.o
                0x080055d4                A1::_analogRead()
 .text._ZThn8_N2A111_analogReadEv
                0x08005614        0x8 ..\obj\pin.o
                0x08005614                non-virtual thunk to A1::_analogRead()
 .text._ZN2A214_setupAnalogInEv
                0x0800561c       0x24 ..\obj\pin.o
                0x0800561c                A2::_setupAnalogIn()
 .text._ZThn8_N2A214_setupAnalogInEv
                0x08005640        0x8 ..\obj\pin.o
                0x08005640                non-virtual thunk to A2::_setupAnalogIn()
 .text._ZN2A211_analogReadEv
                0x08005648       0x40 ..\obj\pin.o
                0x08005648                A2::_analogRead()
 .text._ZThn8_N2A211_analogReadEv
                0x08005688        0x8 ..\obj\pin.o
                0x08005688                non-virtual thunk to A2::_analogRead()
 .text._ZN2A314_setupAnalogInEv
                0x08005690       0x24 ..\obj\pin.o
                0x08005690                A3::_setupAnalogIn()
 .text._ZThn8_N2A314_setupAnalogInEv
                0x080056b4        0x8 ..\obj\pin.o
                0x080056b4                non-virtual thunk to A3::_setupAnalogIn()
 .text._ZN2A311_analogReadEv
                0x080056bc       0x40 ..\obj\pin.o
                0x080056bc                A3::_analogRead()
 .text._ZThn8_N2A311_analogReadEv
                0x080056fc        0x8 ..\obj\pin.o
                0x080056fc                non-virtual thunk to A3::_analogRead()
 .text._ZN2A414_setupAnalogInEv
                0x08005704       0x24 ..\obj\pin.o
                0x08005704                A4::_setupAnalogIn()
 .text._ZThn8_N2A414_setupAnalogInEv
                0x08005728        0x8 ..\obj\pin.o
                0x08005728                non-virtual thunk to A4::_setupAnalogIn()
 .text._ZN2A411_analogReadEv
                0x08005730       0x40 ..\obj\pin.o
                0x08005730                A4::_analogRead()
 .text._ZThn8_N2A411_analogReadEv
                0x08005770        0x8 ..\obj\pin.o
                0x08005770                non-virtual thunk to A4::_analogRead()
 .text._ZN4Enc05setupEv
                0x08005778       0x28 ..\obj\pin.o
                0x08005778                Enc0::setup()
 .text._ZN4Enc05countEv
                0x080057a0       0x30 ..\obj\pin.o
                0x080057a0                Enc0::count()
 .text._ZN4Enc15setupEv
                0x080057d0       0x24 ..\obj\pin.o
                0x080057d0                Enc1::setup()
 .text._ZN4Enc15countEv
                0x080057f4       0x30 ..\obj\pin.o
                0x080057f4                Enc1::count()
 .text._ZN4Enc25setupEv
                0x08005824       0x24 ..\obj\pin.o
                0x08005824                Enc2::setup()
 .text._ZN4Enc25countEv
                0x08005848       0x30 ..\obj\pin.o
                0x08005848                Enc2::count()
 .text._ZN4Pwm012_setupPwmOutEff
                0x08005878       0x48 ..\obj\pin.o
                0x08005878                Pwm0::_setupPwmOut(float, float)
 .text._ZThn8_N4Pwm012_setupPwmOutEff
                0x080058c0        0x8 ..\obj\pin.o
                0x080058c0                non-virtual thunk to Pwm0::_setupPwmOut(float, float)
 .text._ZN4Pwm09_pwmWriteEf
                0x080058c8       0x20 ..\obj\pin.o
                0x080058c8                Pwm0::_pwmWrite(float)
 .text._ZThn8_N4Pwm09_pwmWriteEf
                0x080058e8        0x8 ..\obj\pin.o
                0x080058e8                non-virtual thunk to Pwm0::_pwmWrite(float)
 .text._ZN4Pwm09_pwmWriteEv
                0x080058f0       0x20 ..\obj\pin.o
                0x080058f0                Pwm0::_pwmWrite()
 .text._ZThn8_N4Pwm09_pwmWriteEv
                0x08005910        0x8 ..\obj\pin.o
                0x08005910                non-virtual thunk to Pwm0::_pwmWrite()
 .text._ZN4Pwm112_setupPwmOutEff
                0x08005918       0x44 ..\obj\pin.o
                0x08005918                Pwm1::_setupPwmOut(float, float)
 .text._ZThn8_N4Pwm112_setupPwmOutEff
                0x0800595c        0x8 ..\obj\pin.o
                0x0800595c                non-virtual thunk to Pwm1::_setupPwmOut(float, float)
 .text._ZN4Pwm19_pwmWriteEf
                0x08005964       0x20 ..\obj\pin.o
                0x08005964                Pwm1::_pwmWrite(float)
 .text._ZThn8_N4Pwm19_pwmWriteEf
                0x08005984        0x8 ..\obj\pin.o
                0x08005984                non-virtual thunk to Pwm1::_pwmWrite(float)
 .text._ZN4Pwm19_pwmWriteEv
                0x0800598c       0x20 ..\obj\pin.o
                0x0800598c                Pwm1::_pwmWrite()
 .text._ZThn8_N4Pwm19_pwmWriteEv
                0x080059ac        0x8 ..\obj\pin.o
                0x080059ac                non-virtual thunk to Pwm1::_pwmWrite()
 .text._ZN4Pwm212_setupPwmOutEff
                0x080059b4       0x44 ..\obj\pin.o
                0x080059b4                Pwm2::_setupPwmOut(float, float)
 .text._ZThn8_N4Pwm212_setupPwmOutEff
                0x080059f8        0x8 ..\obj\pin.o
                0x080059f8                non-virtual thunk to Pwm2::_setupPwmOut(float, float)
 .text._ZN4Pwm29_pwmWriteEf
                0x08005a00       0x20 ..\obj\pin.o
                0x08005a00                Pwm2::_pwmWrite(float)
 .text._ZThn8_N4Pwm29_pwmWriteEf
                0x08005a20        0x8 ..\obj\pin.o
                0x08005a20                non-virtual thunk to Pwm2::_pwmWrite(float)
 .text._ZN4Pwm29_pwmWriteEv
                0x08005a28       0x20 ..\obj\pin.o
                0x08005a28                Pwm2::_pwmWrite()
 .text._ZThn8_N4Pwm29_pwmWriteEv
                0x08005a48        0x8 ..\obj\pin.o
                0x08005a48                non-virtual thunk to Pwm2::_pwmWrite()
 .text._ZN4Pwm312_setupPwmOutEff
                0x08005a50       0x48 ..\obj\pin.o
                0x08005a50                Pwm3::_setupPwmOut(float, float)
 .text._ZThn8_N4Pwm312_setupPwmOutEff
                0x08005a98        0x8 ..\obj\pin.o
                0x08005a98                non-virtual thunk to Pwm3::_setupPwmOut(float, float)
 .text._ZN4Pwm39_pwmWriteEf
                0x08005aa0       0x20 ..\obj\pin.o
                0x08005aa0                Pwm3::_pwmWrite(float)
 .text._ZThn8_N4Pwm39_pwmWriteEf
                0x08005ac0        0x8 ..\obj\pin.o
                0x08005ac0                non-virtual thunk to Pwm3::_pwmWrite(float)
 .text._ZN4Pwm39_pwmWriteEv
                0x08005ac8       0x20 ..\obj\pin.o
                0x08005ac8                Pwm3::_pwmWrite()
 .text._ZThn8_N4Pwm39_pwmWriteEv
                0x08005ae8        0x8 ..\obj\pin.o
                0x08005ae8                non-virtual thunk to Pwm3::_pwmWrite()
 .text._ZN4Pwm412_setupPwmOutEff
                0x08005af0       0x48 ..\obj\pin.o
                0x08005af0                Pwm4::_setupPwmOut(float, float)
 .text._ZThn8_N4Pwm412_setupPwmOutEff
                0x08005b38        0x8 ..\obj\pin.o
                0x08005b38                non-virtual thunk to Pwm4::_setupPwmOut(float, float)
 .text._ZN4Pwm49_pwmWriteEf
                0x08005b40       0x20 ..\obj\pin.o
                0x08005b40                Pwm4::_pwmWrite(float)
 .text._ZThn8_N4Pwm49_pwmWriteEf
                0x08005b60        0x8 ..\obj\pin.o
                0x08005b60                non-virtual thunk to Pwm4::_pwmWrite(float)
 .text._ZN4Pwm49_pwmWriteEv
                0x08005b68       0x20 ..\obj\pin.o
                0x08005b68                Pwm4::_pwmWrite()
 .text._ZThn8_N4Pwm49_pwmWriteEv
                0x08005b88        0x8 ..\obj\pin.o
                0x08005b88                non-virtual thunk to Pwm4::_pwmWrite()
 .text._ZN4Pwm512_setupPwmOutEff
                0x08005b90       0x48 ..\obj\pin.o
                0x08005b90                Pwm5::_setupPwmOut(float, float)
 .text._ZThn8_N4Pwm512_setupPwmOutEff
                0x08005bd8        0x8 ..\obj\pin.o
                0x08005bd8                non-virtual thunk to Pwm5::_setupPwmOut(float, float)
 .text._ZN4Pwm59_pwmWriteEf
                0x08005be0       0x20 ..\obj\pin.o
                0x08005be0                Pwm5::_pwmWrite(float)
 .text._ZThn8_N4Pwm59_pwmWriteEf
                0x08005c00        0x8 ..\obj\pin.o
                0x08005c00                non-virtual thunk to Pwm5::_pwmWrite(float)
 .text._ZN4Pwm59_pwmWriteEv
                0x08005c08       0x20 ..\obj\pin.o
                0x08005c08                Pwm5::_pwmWrite()
 .text._ZThn8_N4Pwm59_pwmWriteEv
                0x08005c28        0x8 ..\obj\pin.o
                0x08005c28                non-virtual thunk to Pwm5::_pwmWrite()
 .text._ZN4Led212_setupPwmOutEff
                0x08005c30       0x48 ..\obj\pin.o
                0x08005c30                Led2::_setupPwmOut(float, float)
 .text._ZThn8_N4Led212_setupPwmOutEff
                0x08005c78        0x8 ..\obj\pin.o
                0x08005c78                non-virtual thunk to Led2::_setupPwmOut(float, float)
 .text._ZN4Led29_pwmWriteEf
                0x08005c80       0x20 ..\obj\pin.o
                0x08005c80                Led2::_pwmWrite(float)
 .text._ZThn8_N4Led29_pwmWriteEf
                0x08005ca0        0x8 ..\obj\pin.o
                0x08005ca0                non-virtual thunk to Led2::_pwmWrite(float)
 .text._ZN4Led29_pwmWriteEv
                0x08005ca8       0x20 ..\obj\pin.o
                0x08005ca8                Led2::_pwmWrite()
 .text._ZThn8_N4Led29_pwmWriteEv
                0x08005cc8        0x8 ..\obj\pin.o
                0x08005cc8                non-virtual thunk to Led2::_pwmWrite()
 .text._ZN4Led312_setupPwmOutEff
                0x08005cd0       0x48 ..\obj\pin.o
                0x08005cd0                Led3::_setupPwmOut(float, float)
 .text._ZThn8_N4Led312_setupPwmOutEff
                0x08005d18        0x8 ..\obj\pin.o
                0x08005d18                non-virtual thunk to Led3::_setupPwmOut(float, float)
 .text._ZN4Led39_pwmWriteEf
                0x08005d20       0x20 ..\obj\pin.o
                0x08005d20                Led3::_pwmWrite(float)
 .text._ZThn8_N4Led39_pwmWriteEf
                0x08005d40        0x8 ..\obj\pin.o
                0x08005d40                non-virtual thunk to Led3::_pwmWrite(float)
 .text._ZN4Led39_pwmWriteEv
                0x08005d48       0x20 ..\obj\pin.o
                0x08005d48                Led3::_pwmWrite()
 .text._ZThn8_N4Led39_pwmWriteEv
                0x08005d68        0x8 ..\obj\pin.o
                0x08005d68                non-virtual thunk to Led3::_pwmWrite()
 .text._ZN6Buzzer12_setupPwmOutEff
                0x08005d70       0x44 ..\obj\pin.o
                0x08005d70                Buzzer::_setupPwmOut(float, float)
 .text._ZThn8_N6Buzzer12_setupPwmOutEff
                0x08005db4        0x8 ..\obj\pin.o
                0x08005db4                non-virtual thunk to Buzzer::_setupPwmOut(float, float)
 .text._ZN6Buzzer9_pwmWriteEf
                0x08005dbc       0x20 ..\obj\pin.o
                0x08005dbc                Buzzer::_pwmWrite(float)
 .text._ZThn8_N6Buzzer9_pwmWriteEf
                0x08005ddc        0x8 ..\obj\pin.o
                0x08005ddc                non-virtual thunk to Buzzer::_pwmWrite(float)
 .text._ZN6Buzzer9_pwmWriteEv
                0x08005de4       0x20 ..\obj\pin.o
                0x08005de4                Buzzer::_pwmWrite()
 .text._ZThn8_N6Buzzer9_pwmWriteEv
                0x08005e04        0x8 ..\obj\pin.o
                0x08005e04                non-virtual thunk to Buzzer::_pwmWrite()
 .text._ZN7Serial06_setupEiR15SerialInterfaceii
                0x08005e0c       0x5c ..\obj\pin.o
                0x08005e0c                Serial0::_setup(int, SerialInterface&, int, int)
 .text._ZN7Serial09charWriteEc
                0x08005e68       0x1c ..\obj\pin.o
                0x08005e68                Serial0::charWrite(char)
 .text._Z17serial0_interruptv
                0x08005e84       0x2c ..\obj\pin.o
                0x08005e84                serial0_interrupt()
 .text._ZN7Serial08transmitEc
                0x08005eb0       0x3c ..\obj\pin.o
                0x08005eb0                Serial0::transmit(char)
 .text.USART2_IRQHandler
                0x08005eec        0xc ..\obj\pin.o
                0x08005eec                USART2_IRQHandler
 .text._ZN7Serial16_setupEiR15SerialInterfaceii
                0x08005ef8       0x60 ..\obj\pin.o
                0x08005ef8                Serial1::_setup(int, SerialInterface&, int, int)
 .text._Z17serial1_interruptv
                0x08005f58       0x2c ..\obj\pin.o
                0x08005f58                serial1_interrupt()
 .text.USART3_IRQHandler
                0x08005f84        0xc ..\obj\pin.o
                0x08005f84                USART3_IRQHandler
 .text._ZN7Serial19charWriteEc
                0x08005f90       0x1c ..\obj\pin.o
                0x08005f90                Serial1::charWrite(char)
 .text._ZN7Serial18transmitEc
                0x08005fac       0x3c ..\obj\pin.o
                0x08005fac                Serial1::transmit(char)
 .text.std_char_out
                0x08005fe8       0x3c ..\obj\pin.o
                0x08005fe8                std_char_out
 .text.std_char_out_setup
                0x08006024       0x60 ..\obj\pin.o
                0x08006024                std_char_out_setup
 .text._ZN4Can05setupEv
                0x08006084       0x74 ..\obj\pin.o
                0x08006084                Can0::setup()
 .text._ZN4Can013setupLoopBackEv
                0x080060f8       0x58 ..\obj\pin.o
                0x080060f8                Can0::setupLoopBack()
 .text._ZN4Can012addInterfaceER12CanInterface
                0x08006150       0x44 ..\obj\pin.o
                0x08006150                Can0::addInterface(CanInterface&)
 .text._ZN4Can05setIdEi
                0x08006194       0xa8 ..\obj\pin.o
                0x08006194                Can0::setId(int)
 .text._ZN4Can08setIdAllEv
                0x0800623c       0x38 ..\obj\pin.o
                0x0800623c                Can0::setIdAll()
 .text._ZN4Can04readEiiPh
                0x08006274       0x80 ..\obj\pin.o
                0x08006274                Can0::read(int, int, unsigned char*)
 .text._ZN4Can05writeEiiPh
                0x080062f4       0xe4 ..\obj\pin.o
                0x080062f4                Can0::write(int, int, unsigned char*)
 .text._Z14Can0_Interruptv
                0x080063d8       0x48 ..\obj\pin.o
                0x080063d8                Can0_Interrupt()
 .text.CAN1_RX0_IRQHandler
                0x08006420        0xc ..\obj\pin.o
                0x08006420                CAN1_RX0_IRQHandler
 .text._ZN10RingBufferIcLi256EEC2Ev
                0x0800642c       0x28 ..\obj\pin.o
                0x0800642c                RingBuffer<char, 256>::RingBuffer()
                0x0800642c                RingBuffer<char, 256>::RingBuffer()
 .text._ZN10RingBufferIcLi256EE5writeEc
                0x08006454       0x60 ..\obj\pin.o
                0x08006454                RingBuffer<char, 256>::write(char)
 .text._ZN10RingBufferIcLi256EE7isEmptyEv
                0x080064b4       0x2c ..\obj\pin.o
                0x080064b4                RingBuffer<char, 256>::isEmpty()
 .text._ZN10RingBufferIcLi256EE4readEv
                0x080064e0       0x5c ..\obj\pin.o
                0x080064e0                RingBuffer<char, 256>::read()
 .text._ZN7EncoderC2Ev
                0x0800653c       0x34 ..\obj\main.o
                0x0800653c                Encoder::Encoder()
                0x0800653c                Encoder::Encoder()
 .text._ZN7DigitalC2Ev
                0x08006570       0x20 ..\obj\main.o
                0x08006570                Digital::Digital()
                0x08006570                Digital::Digital()
 .text._ZN3PwmC2Ev
                0x08006590       0x20 ..\obj\main.o
                0x08006590                Pwm::Pwm()
                0x08006590                Pwm::Pwm()
 .text._ZN4Pwm0C2Ev
                0x080065b0       0x40 ..\obj\main.o
                0x080065b0                Pwm0::Pwm0()
                0x080065b0                Pwm0::Pwm0()
 .text._ZN4Pwm1C2Ev
                0x080065f0       0x40 ..\obj\main.o
                0x080065f0                Pwm1::Pwm1()
                0x080065f0                Pwm1::Pwm1()
 .text._ZN4Pwm2C2Ev
                0x08006630       0x40 ..\obj\main.o
                0x08006630                Pwm2::Pwm2()
                0x08006630                Pwm2::Pwm2()
 .text._ZN3CW0C2Ev
                0x08006670       0x24 ..\obj\main.o
                0x08006670                CW0::CW0()
                0x08006670                CW0::CW0()
 .text._ZN4CCW0C2Ev
                0x08006694       0x24 ..\obj\main.o
                0x08006694                CCW0::CCW0()
                0x08006694                CCW0::CCW0()
 .text._ZN3CW1C2Ev
                0x080066b8       0x24 ..\obj\main.o
                0x080066b8                CW1::CW1()
                0x080066b8                CW1::CW1()
 .text._ZN4CCW1C2Ev
                0x080066dc       0x24 ..\obj\main.o
                0x080066dc                CCW1::CCW1()
                0x080066dc                CCW1::CCW1()
 .text._ZN3CW2C2Ev
                0x08006700       0x24 ..\obj\main.o
                0x08006700                CW2::CW2()
                0x08006700                CW2::CW2()
 .text._ZN4CCW2C2Ev
                0x08006724       0x24 ..\obj\main.o
                0x08006724                CCW2::CCW2()
                0x08006724                CCW2::CCW2()
 .text._ZN4Enc0C2Ev
                0x08006748       0x24 ..\obj\main.o
                0x08006748                Enc0::Enc0()
                0x08006748                Enc0::Enc0()
 .text._ZN4Enc1C2Ev
                0x0800676c       0x24 ..\obj\main.o
                0x0800676c                Enc1::Enc1()
                0x0800676c                Enc1::Enc1()
 .text._ZN4Enc2C2Ev
                0x08006790       0x24 ..\obj\main.o
                0x08006790                Enc2::Enc2()
                0x08006790                Enc2::Enc2()
 .text._ZN6SerialC2Ev
                0x080067b4       0x20 ..\obj\main.o
                0x080067b4                Serial::Serial()
                0x080067b4                Serial::Serial()
 .text._ZN7Serial0C2Ev
                0x080067d4       0x24 ..\obj\main.o
                0x080067d4                Serial0::Serial0()
                0x080067d4                Serial0::Serial0()
 .text.main     0x080067f8      0x6b0 ..\obj\main.o
                0x080067f8                main
 .text.RCC_GetClocksFreq
                0x08006ea8      0x154 ..\obj\stm32f4xx_rcc.o
                0x08006ea8                RCC_GetClocksFreq
 .text.RCC_AHB1PeriphClockCmd
                0x08006ffc       0x3c ..\obj\stm32f4xx_rcc.o
                0x08006ffc                RCC_AHB1PeriphClockCmd
 .text.RCC_APB1PeriphClockCmd
                0x08007038       0x3c ..\obj\stm32f4xx_rcc.o
                0x08007038                RCC_APB1PeriphClockCmd
 .text.RCC_APB2PeriphClockCmd
                0x08007074       0x3c ..\obj\stm32f4xx_rcc.o
                0x08007074                RCC_APB2PeriphClockCmd
 .text.RCC_APB1PeriphResetCmd
                0x080070b0       0x3c ..\obj\stm32f4xx_rcc.o
                0x080070b0                RCC_APB1PeriphResetCmd
 .text.RCC_APB2PeriphResetCmd
                0x080070ec       0x3c ..\obj\stm32f4xx_rcc.o
                0x080070ec                RCC_APB2PeriphResetCmd
 .text.system_setup
                0x08007128       0x2c ..\obj\system.o
                0x08007128                system_setup
 .text.ADC_DeInit
                0x08007154       0x1c ..\obj\stm32f4xx_adc.o
                0x08007154                ADC_DeInit
 .text.ADC_Init
                0x08007170       0xa8 ..\obj\stm32f4xx_adc.o
                0x08007170                ADC_Init
 .text.ADC_StructInit
                0x08007218       0x3c ..\obj\stm32f4xx_adc.o
                0x08007218                ADC_StructInit
 .text.ADC_CommonInit
                0x08007254       0x50 ..\obj\stm32f4xx_adc.o
                0x08007254                ADC_CommonInit
 .text.ADC_CommonStructInit
                0x080072a4       0x2c ..\obj\stm32f4xx_adc.o
                0x080072a4                ADC_CommonStructInit
 .text.ADC_Cmd  0x080072d0       0x38 ..\obj\stm32f4xx_adc.o
                0x080072d0                ADC_Cmd
 .text.ADC_RegularChannelConfig
                0x08007308      0x194 ..\obj\stm32f4xx_adc.o
                0x08007308                ADC_RegularChannelConfig
 .text.ADC_SoftwareStartConv
                0x0800749c       0x20 ..\obj\stm32f4xx_adc.o
                0x0800749c                ADC_SoftwareStartConv
 .text.ADC_DMACmd
                0x080074bc       0x38 ..\obj\stm32f4xx_adc.o
                0x080074bc                ADC_DMACmd
 .text.ADC_DMARequestAfterLastTransferCmd
                0x080074f4       0x38 ..\obj\stm32f4xx_adc.o
                0x080074f4                ADC_DMARequestAfterLastTransferCmd
 .text._ZN12CanInterface17canInterfaceSetupEP3Can
                0x0800752c       0x20 ..\obj\can.o
                0x0800752c                CanInterface::canInterfaceSetup(Can*)
 .text.Select_ADC_channel
                0x0800754c      0x100 ..\obj\config_adc.o
                0x0800754c                Select_ADC_channel
 .text.Init_ADC1
                0x0800764c      0x1d0 ..\obj\config_adc.o
                0x0800764c                Init_ADC1
 .text.get_ADC1_value
                0x0800781c       0x64 ..\obj\config_adc.o
                0x0800781c                get_ADC1_value
 .text.NMI_Handler
                0x08007880       0x1c ..\obj\error.o
                0x08007880                NMI_Handler
 .text.HardFault_Handler
                0x0800789c       0x1c ..\obj\error.o
                0x0800789c                HardFault_Handler
 .text.MemManage_Handler
                0x080078b8       0x1c ..\obj\error.o
                0x080078b8                MemManage_Handler
 .text.BusFault_Handler
                0x080078d4       0x1c ..\obj\error.o
                0x080078d4                BusFault_Handler
 .text.UsageFault_Handler
                0x080078f0       0x1c ..\obj\error.o
                0x080078f0                UsageFault_Handler
 .text.SVC_Handler
                0x0800790c       0x1c ..\obj\error.o
                0x0800790c                SVC_Handler
 .text.DebugMon_Handler
                0x08007928       0x1c ..\obj\error.o
                0x08007928                DebugMon_Handler
 .text.PendSV_Handler
                0x08007944       0x1c ..\obj\error.o
                0x08007944                PendSV_Handler
 .text.NVIC_SetPriority
                0x08007960       0x54 ..\obj\config_systick.o
 .text.SysTick_Config
                0x080079b4       0x44 ..\obj\config_systick.o
 .text.Init_SysTick
                0x080079f8       0x44 ..\obj\config_systick.o
                0x080079f8                Init_SysTick
 .text.SD_ProcessIRQSrc
                0x08007a3c       0xc8 ..\obj\stm32_ub_sdcard.o
                0x08007a3c                SD_ProcessIRQSrc
 .text.SD_ProcessDMAIRQ
                0x08007b04       0x30 ..\obj\stm32_ub_sdcard.o
                0x08007b04                SD_ProcessDMAIRQ
 .text.SDIO_IRQHandler
                0x08007b34        0xc ..\obj\stm32_ub_sdcard.o
                0x08007b34                SDIO_IRQHandler
 .text.DMA2_Stream3_IRQHandler
                0x08007b40        0xc ..\obj\stm32_ub_sdcard.o
                0x08007b40                DMA2_Stream3_IRQHandler
 .text.GPIO_Init
                0x08007b4c      0x11c ..\obj\stm32f4xx_gpio.o
                0x08007b4c                GPIO_Init
 .text.GPIO_StructInit
                0x08007c68       0x34 ..\obj\stm32f4xx_gpio.o
                0x08007c68                GPIO_StructInit
 .text.GPIO_ReadInputDataBit
                0x08007c9c       0x34 ..\obj\stm32f4xx_gpio.o
                0x08007c9c                GPIO_ReadInputDataBit
 .text.GPIO_ReadOutputDataBit
                0x08007cd0       0x34 ..\obj\stm32f4xx_gpio.o
                0x08007cd0                GPIO_ReadOutputDataBit
 .text.GPIO_SetBits
                0x08007d04       0x1c ..\obj\stm32f4xx_gpio.o
                0x08007d04                GPIO_SetBits
 .text.GPIO_ResetBits
                0x08007d20       0x1c ..\obj\stm32f4xx_gpio.o
                0x08007d20                GPIO_ResetBits
 .text.GPIO_PinAFConfig
                0x08007d3c       0x90 ..\obj\stm32f4xx_gpio.o
                0x08007d3c                GPIO_PinAFConfig
 .text.SystemInit
                0x08007dcc       0x58 ..\obj\system_stm32f4xx.o
                0x08007dcc                SystemInit
 .text.SystemCoreClockUpdate
                0x08007e24       0xf8 ..\obj\system_stm32f4xx.o
                0x08007e24                SystemCoreClockUpdate
 .text.SetSysClock
                0x08007f1c       0xf4 ..\obj\system_stm32f4xx.o
 .text._sbrk    0x08008010       0x40 ..\obj\syscalls.o
                0x08008010                _sbrk
 .text._close   0x08008050       0x18 ..\obj\syscalls.o
                0x08008050                _close
 .text._fstat   0x08008068       0x20 ..\obj\syscalls.o
                0x08008068                _fstat
 .text._isatty  0x08008088       0x18 ..\obj\syscalls.o
                0x08008088                _isatty
 .text._lseek   0x080080a0       0x1c ..\obj\syscalls.o
                0x080080a0                _lseek
 .text._read    0x080080bc       0x1c ..\obj\syscalls.o
                0x080080bc                _read
 .text._write   0x080080d8       0x38 ..\obj\syscalls.o
                0x080080d8                _write
 .text.abort    0x08008110        0x8 ..\obj\syscalls.o
                0x08008110                abort
 .text.DMA_DeInit
                0x08008118      0x1a4 ..\obj\stm32f4xx_dma.o
                0x08008118                DMA_DeInit
 .text.DMA_Init
                0x080082bc       0xac ..\obj\stm32f4xx_dma.o
                0x080082bc                DMA_Init
 .text.DMA_StructInit
                0x08008368       0x6c ..\obj\stm32f4xx_dma.o
                0x08008368                DMA_StructInit
 .text.DMA_Cmd  0x080083d4       0x38 ..\obj\stm32f4xx_dma.o
                0x080083d4                DMA_Cmd
 .text.DMA_ClearFlag
                0x0800840c       0x5c ..\obj\stm32f4xx_dma.o
                0x0800840c                DMA_ClearFlag
 .text.USB_OTG_BSP_uDelay
                0x08008468       0x48 ..\obj\usb_bsp.o
                0x08008468                USB_OTG_BSP_uDelay
 .text.USBD_StdDevReq
                0x080084b0       0xa0 ..\obj\usbd_req.o
                0x080084b0                USBD_StdDevReq
 .text.USBD_StdItfReq
                0x08008550       0x68 ..\obj\usbd_req.o
                0x08008550                USBD_StdItfReq
 .text.USBD_StdEPReq
                0x080085b8      0x1b0 ..\obj\usbd_req.o
                0x080085b8                USBD_StdEPReq
 .text.USBD_GetDescriptor
                0x08008768      0x1b8 ..\obj\usbd_req.o
 .text.USBD_SetAddress
                0x08008920       0x7c ..\obj\usbd_req.o
 .text.USBD_SetConfig
                0x0800899c       0xf4 ..\obj\usbd_req.o
 .text.USBD_GetConfig
                0x08008a90       0x60 ..\obj\usbd_req.o
 .text.USBD_GetStatus
                0x08008af0       0x50 ..\obj\usbd_req.o
 .text.USBD_SetFeature
                0x08008b40       0xcc ..\obj\usbd_req.o
 .text.USBD_ClrFeature
                0x08008c0c       0x50 ..\obj\usbd_req.o
 .text.USBD_ParseSetupRequest
                0x08008c5c       0x90 ..\obj\usbd_req.o
                0x08008c5c                USBD_ParseSetupRequest
 .text.USBD_CtlError
                0x08008cec       0x48 ..\obj\usbd_req.o
                0x08008cec                USBD_CtlError
 .text.USBD_OTG_ISR_Handler
                0x08008d34      0x15c ..\obj\usb_dcd_int.o
                0x08008d34                USBD_OTG_ISR_Handler
 .text.DCD_HandleResume_ISR
                0x08008e90       0x80 ..\obj\usb_dcd_int.o
 .text.DCD_HandleUSBSuspend_ISR
                0x08008f10       0x9c ..\obj\usb_dcd_int.o
 .text.DCD_HandleInEP_ISR
                0x08008fac      0x1ec ..\obj\usb_dcd_int.o
 .text.DCD_HandleOutEP_ISR
                0x08009198      0x178 ..\obj\usb_dcd_int.o
 .text.DCD_HandleSof_ISR
                0x08009310       0x34 ..\obj\usb_dcd_int.o
 .text.DCD_HandleRxStatusQueueLevel_ISR
                0x08009344      0x104 ..\obj\usb_dcd_int.o
 .text.DCD_WriteEmptyTxFifo
                0x08009448       0xe4 ..\obj\usb_dcd_int.o
 .text.DCD_HandleUsbReset_ISR
                0x0800952c      0x138 ..\obj\usb_dcd_int.o
 .text.DCD_HandleEnumDone_ISR
                0x08009664       0x78 ..\obj\usb_dcd_int.o
 .text.DCD_IsoINIncomplete_ISR
                0x080096dc       0x34 ..\obj\usb_dcd_int.o
 .text.DCD_IsoOUTIncomplete_ISR
                0x08009710       0x34 ..\obj\usb_dcd_int.o
 .text.DCD_ReadDevInEP
                0x08009744       0x50 ..\obj\usb_dcd_int.o
 .text.EXTI_ClearITPendingBit
                0x08009794       0x1c ..\obj\stm32f4xx_exti.o
                0x08009794                EXTI_ClearITPendingBit
 .text.Analysis_GPIO_Pin
                0x080097b0      0x168 ..\obj\name_converter.o
                0x080097b0                Analysis_GPIO_Pin
 .text.GPIO_af_USART_select
                0x08009918       0x84 ..\obj\name_converter.o
                0x08009918                GPIO_af_USART_select
 .text.USART_irqn_select
                0x0800999c       0x84 ..\obj\name_converter.o
                0x0800999c                USART_irqn_select
 .text.Tim_irqn_select
                0x08009a20       0x94 ..\obj\name_converter.o
                0x08009a20                Tim_irqn_select
 .text.RCC_PeriphClock_TIM
                0x08009ab4      0x1b0 ..\obj\name_converter.o
                0x08009ab4                RCC_PeriphClock_TIM
 .text.RCC_PeriphClock_USART
                0x08009c64      0x12c ..\obj\name_converter.o
                0x08009c64                RCC_PeriphClock_USART
 .text.NVIC_Configuration
                0x08009d90       0x2c ..\obj\name_converter.o
                0x08009d90                NVIC_Configuration
 .text.Pin_select_source
                0x08009dbc       0xec ..\obj\name_converter.o
                0x08009dbc                Pin_select_source
 .text.Tim_select_af
                0x08009ea8       0xb8 ..\obj\name_converter.o
                0x08009ea8                Tim_select_af
 .text.NVIC_PriorityGroupConfig
                0x08009f60       0x24 ..\obj\misc.o
                0x08009f60                NVIC_PriorityGroupConfig
 .text.NVIC_Init
                0x08009f84       0xc0 ..\obj\misc.o
                0x08009f84                NVIC_Init
 .text.DCD_EP_Open
                0x0800a044       0xa8 ..\obj\usb_dcd.o
                0x0800a044                DCD_EP_Open
 .text.DCD_EP_PrepareRx
                0x0800a0ec       0x84 ..\obj\usb_dcd.o
                0x0800a0ec                DCD_EP_PrepareRx
 .text.DCD_EP_Tx
                0x0800a170       0x78 ..\obj\usb_dcd.o
                0x0800a170                DCD_EP_Tx
 .text.DCD_EP_Stall
                0x0800a1e8       0x74 ..\obj\usb_dcd.o
                0x0800a1e8                DCD_EP_Stall
 .text.DCD_EP_ClrStall
                0x0800a25c       0x74 ..\obj\usb_dcd.o
                0x0800a25c                DCD_EP_ClrStall
 .text.DCD_EP_SetAddress
                0x0800a2d0       0x3c ..\obj\usb_dcd.o
                0x0800a2d0                DCD_EP_SetAddress
 .text._ZN15SerialInterface14serialReadCharEc
                0x0800a30c       0xd4 ..\obj\serial.o
                0x0800a30c                SerialInterface::serialReadChar(char)
 .text._ZN6Serial6printfEPKcz
                0x0800a3e0       0x48 ..\obj\serial.o
                0x0800a3e0                Serial::printf(char const*, ...)
 .text.USBD_CtlSendData
                0x0800a428       0x40 ..\obj\usbd_ioreq.o
                0x0800a428                USBD_CtlSendData
 .text.USBD_CtlContinueSendData
                0x0800a468       0x28 ..\obj\usbd_ioreq.o
                0x0800a468                USBD_CtlContinueSendData
 .text.USBD_CtlContinueRx
                0x0800a490       0x28 ..\obj\usbd_ioreq.o
                0x0800a490                USBD_CtlContinueRx
 .text.USBD_CtlSendStatus
                0x0800a4b8       0x30 ..\obj\usbd_ioreq.o
                0x0800a4b8                USBD_CtlSendStatus
 .text.USBD_CtlReceiveStatus
                0x0800a4e8       0x30 ..\obj\usbd_ioreq.o
                0x0800a4e8                USBD_CtlReceiveStatus
 .text.Init_USART
                0x0800a518       0xdc ..\obj\config_usart.o
                0x0800a518                Init_USART
 .text.TIM_TimeBaseInit
                0x0800a5f4       0xd4 ..\obj\stm32f4xx_tim.o
                0x0800a5f4                TIM_TimeBaseInit
 .text.TIM_PrescalerConfig
                0x0800a6c8       0x28 ..\obj\stm32f4xx_tim.o
                0x0800a6c8                TIM_PrescalerConfig
 .text.TIM_SetCounter
                0x0800a6f0       0x1c ..\obj\stm32f4xx_tim.o
                0x0800a6f0                TIM_SetCounter
 .text.TIM_GetCounter
                0x0800a70c       0x18 ..\obj\stm32f4xx_tim.o
                0x0800a70c                TIM_GetCounter
 .text.TIM_ARRPreloadConfig
                0x0800a724       0x40 ..\obj\stm32f4xx_tim.o
                0x0800a724                TIM_ARRPreloadConfig
 .text.TIM_Cmd  0x0800a764       0x40 ..\obj\stm32f4xx_tim.o
                0x0800a764                TIM_Cmd
 .text.TIM_OC1Init
                0x0800a7a4       0xf4 ..\obj\stm32f4xx_tim.o
                0x0800a7a4                TIM_OC1Init
 .text.TIM_OC2Init
                0x0800a898      0x110 ..\obj\stm32f4xx_tim.o
                0x0800a898                TIM_OC2Init
 .text.TIM_OC3Init
                0x0800a9a8      0x10c ..\obj\stm32f4xx_tim.o
                0x0800a9a8                TIM_OC3Init
 .text.TIM_OC4Init
                0x0800aab4       0xcc ..\obj\stm32f4xx_tim.o
                0x0800aab4                TIM_OC4Init
 .text.TIM_OC1PreloadConfig
                0x0800ab80       0x38 ..\obj\stm32f4xx_tim.o
                0x0800ab80                TIM_OC1PreloadConfig
 .text.TIM_OC2PreloadConfig
                0x0800abb8       0x3c ..\obj\stm32f4xx_tim.o
                0x0800abb8                TIM_OC2PreloadConfig
 .text.TIM_OC3PreloadConfig
                0x0800abf4       0x38 ..\obj\stm32f4xx_tim.o
                0x0800abf4                TIM_OC3PreloadConfig
 .text.TIM_OC4PreloadConfig
                0x0800ac2c       0x3c ..\obj\stm32f4xx_tim.o
                0x0800ac2c                TIM_OC4PreloadConfig
 .text.TIM_BDTRConfig
                0x0800ac68       0x50 ..\obj\stm32f4xx_tim.o
                0x0800ac68                TIM_BDTRConfig
 .text.TIM_BDTRStructInit
                0x0800acb8       0x3c ..\obj\stm32f4xx_tim.o
                0x0800acb8                TIM_BDTRStructInit
 .text.TIM_CtrlPWMOutputs
                0x0800acf4       0x4c ..\obj\stm32f4xx_tim.o
                0x0800acf4                TIM_CtrlPWMOutputs
 .text.TIM_ITConfig
                0x0800ad40       0x48 ..\obj\stm32f4xx_tim.o
                0x0800ad40                TIM_ITConfig
 .text.TIM_ClearITPendingBit